-- The C compiler identification is GNU 11.4.0
-- The CXX compiler identification is GNU 11.4.0
-- Detecting C compiler ABI info
-- Detecting C compiler ABI info - done
-- Check for working C compiler: /usr/bin/cc - skipped
-- Detecting C compile features
-- Detecting C compile features - done
-- Detecting CXX compiler ABI info
-- Detecting CXX compiler ABI info - done
-- Check for working CXX compiler: /usr/bin/c++ - skipped
-- Detecting CXX compile features
-- Detecting CXX compile features - done
-- Found ament_cmake: 1.3.12 (/opt/ros/humble/share/ament_cmake/cmake)
-- Found Python3: /usr/bin/python3 (found version "3.10.12") found components: Interpreter 
-- Found rclcpp: 16.0.17 (/opt/ros/humble/share/rclcpp/cmake)
-- Found rosidl_generator_c: 3.1.8 (/opt/ros/humble/share/rosidl_generator_c/cmake)
-- Found rosidl_adapter: 3.1.8 (/opt/ros/humble/share/rosidl_adapter/cmake)
-- Found rosidl_generator_cpp: 3.1.8 (/opt/ros/humble/share/rosidl_generator_cpp/cmake)
-- Using all available rosidl_typesupport_c: rosidl_typesupport_fastrtps_c;rosidl_typesupport_introspection_c
-- Using all available rosidl_typesupport_cpp: rosidl_typesupport_fastrtps_cpp;rosidl_typesupport_introspection_cpp
-- Found rmw_implementation_cmake: 6.1.2 (/opt/ros/humble/share/rmw_implementation_cmake/cmake)
-- Found rmw_fastrtps_cpp: 6.2.9 (/opt/ros/humble/share/rmw_fastrtps_cpp/cmake)
-- Found OpenSSL: /usr/lib/x86_64-linux-gnu/libcrypto.so (found version "3.0.2")  
-- Found FastRTPS: /opt/ros/humble/include  
-- Using RMW implementation 'rmw_fastrtps_cpp' as default
-- Looking for pthread.h
-- Looking for pthread.h - found
-- Performing Test CMAKE_HAVE_LIBC_PTHREAD
-- Performing Test CMAKE_HAVE_LIBC_PTHREAD - Success
-- Found Threads: TRUE  
-- Found rosbag2_cpp: 0.15.15 (/opt/ros/humble/share/rosbag2_cpp/cmake)
-- Found geometry_msgs: 4.9.0 (/opt/ros/humble/share/geometry_msgs/cmake)
-- Found nav_msgs: 4.9.0 (/opt/ros/humble/share/nav_msgs/cmake)
-- Found ament_lint_auto: 0.12.14 (/opt/ros/humble/share/ament_lint_auto/cmake)
-- Added test 'cppcheck' to perform static code analysis on C / C++ code
-- Configured cppcheck include dirs: 
-- Configured cppcheck exclude dirs and/or files: 
-- Added test 'lint_cmake' to check CMake code style
-- Added test 'uncrustify' to check C / C++ code style
-- Configured uncrustify additional arguments: 
-- Added test 'xmllint' to check XML markup files
-- Configuring done
-- Generating done
-- Build files have been written to: /home/atykym-22/bakalarka_ws/build/odom_calib
[ 50%] [32mBuilding CXX object CMakeFiles/odom_reader.dir/src/main.cpp.o[0m
[100%] [32m[1mLinking CXX executable odom_reader[0m
[100%] Built target odom_reader
-- Install configuration: ""
-- Installing: /home/atykym-22/bakalarka_ws/install/odom_calib/lib/odom_calib/odom_reader
-- Set runtime path of "/home/atykym-22/bakalarka_ws/install/odom_calib/lib/odom_calib/odom_reader" to ""
-- Installing: /home/atykym-22/bakalarka_ws/install/odom_calib/share/ament_index/resource_index/package_run_dependencies/odom_calib
-- Installing: /home/atykym-22/bakalarka_ws/install/odom_calib/share/ament_index/resource_index/parent_prefix_path/odom_calib
-- Installing: /home/atykym-22/bakalarka_ws/install/odom_calib/share/odom_calib/environment/ament_prefix_path.sh
-- Installing: /home/atykym-22/bakalarka_ws/install/odom_calib/share/odom_calib/environment/ament_prefix_path.dsv
-- Installing: /home/atykym-22/bakalarka_ws/install/odom_calib/share/odom_calib/environment/path.sh
-- Installing: /home/atykym-22/bakalarka_ws/install/odom_calib/share/odom_calib/environment/path.dsv
-- Installing: /home/atykym-22/bakalarka_ws/install/odom_calib/share/odom_calib/local_setup.bash
-- Installing: /home/atykym-22/bakalarka_ws/install/odom_calib/share/odom_calib/local_setup.sh
-- Installing: /home/atykym-22/bakalarka_ws/install/odom_calib/share/odom_calib/local_setup.zsh
-- Installing: /home/atykym-22/bakalarka_ws/install/odom_calib/share/odom_calib/local_setup.dsv
-- Installing: /home/atykym-22/bakalarka_ws/install/odom_calib/share/odom_calib/package.dsv
-- Installing: /home/atykym-22/bakalarka_ws/install/odom_calib/share/ament_index/resource_index/packages/odom_calib
-- Installing: /home/atykym-22/bakalarka_ws/install/odom_calib/share/odom_calib/cmake/odom_calibConfig.cmake
-- Installing: /home/atykym-22/bakalarka_ws/install/odom_calib/share/odom_calib/cmake/odom_calibConfig-version.cmake
-- Installing: /home/atykym-22/bakalarka_ws/install/odom_calib/share/odom_calib/package.xml
