[0.009s] Invoking command in '/home/atykym-22/bakalarka_ws/build/odom_calib': CMAKE_PREFIX_PATH=/opt/ros/humble /usr/bin/cmake /home/atykym-22/bakalarka_ws/src/odom_calib -DCMAKE_INSTALL_PREFIX=/home/atykym-22/bakalarka_ws/install/odom_calib
[0.095s] -- The C compiler identification is GNU 11.4.0
[0.163s] -- The CXX compiler identification is GNU 11.4.0
[0.173s] -- Detecting C compiler ABI info
[0.238s] -- Detecting C compiler ABI info - done
[0.243s] -- Check for working C compiler: /usr/bin/cc - skipped
[0.244s] -- Detecting C compile features
[0.244s] -- Detecting C compile features - done
[0.247s] -- Detecting CXX compiler ABI info
[0.316s] -- Detecting CXX compiler ABI info - done
[0.322s] -- Check for working CXX compiler: /usr/bin/c++ - skipped
[0.322s] -- Detecting CXX compile features
[0.322s] -- Detecting CXX compile features - done
[0.336s] -- Found ament_cmake: 1.3.12 (/opt/ros/humble/share/ament_cmake/cmake)
[0.461s] -- Found Python3: /usr/bin/python3 (found version "3.10.12") found components: Interpreter 
[0.546s] -- Found rclcpp: 16.0.17 (/opt/ros/humble/share/rclcpp/cmake)
[0.595s] -- Found rosidl_generator_c: 3.1.8 (/opt/ros/humble/share/rosidl_generator_c/cmake)
[0.600s] -- Found rosidl_adapter: 3.1.8 (/opt/ros/humble/share/rosidl_adapter/cmake)
[0.609s] -- Found rosidl_generator_cpp: 3.1.8 (/opt/ros/humble/share/rosidl_generator_cpp/cmake)
[0.624s] -- Using all available rosidl_typesupport_c: rosidl_typesupport_fastrtps_c;rosidl_typesupport_introspection_c
[0.642s] -- Using all available rosidl_typesupport_cpp: rosidl_typesupport_fastrtps_cpp;rosidl_typesupport_introspection_cpp
[0.687s] -- Found rmw_implementation_cmake: 6.1.2 (/opt/ros/humble/share/rmw_implementation_cmake/cmake)
[0.690s] -- Found rmw_fastrtps_cpp: 6.2.9 (/opt/ros/humble/share/rmw_fastrtps_cpp/cmake)
[0.770s] -- Found OpenSSL: /usr/lib/x86_64-linux-gnu/libcrypto.so (found version "3.0.2")  
[0.793s] -- Found FastRTPS: /opt/ros/humble/include  
[0.829s] -- Using RMW implementation 'rmw_fastrtps_cpp' as default
[0.839s] -- Looking for pthread.h
[0.901s] -- Looking for pthread.h - found
[0.902s] -- Performing Test CMAKE_HAVE_LIBC_PTHREAD
[0.965s] -- Performing Test CMAKE_HAVE_LIBC_PTHREAD - Success
[0.965s] -- Found Threads: TRUE  
[1.015s] -- Found rosbag2_cpp: 0.15.15 (/opt/ros/humble/share/rosbag2_cpp/cmake)
[1.053s] -- Found geometry_msgs: 4.9.0 (/opt/ros/humble/share/geometry_msgs/cmake)
[1.066s] -- Found nav_msgs: 4.9.0 (/opt/ros/humble/share/nav_msgs/cmake)
[1.084s] -- Found ament_lint_auto: 0.12.14 (/opt/ros/humble/share/ament_lint_auto/cmake)
[1.153s] -- Added test 'cppcheck' to perform static code analysis on C / C++ code
[1.154s] -- Configured cppcheck include dirs: 
[1.154s] -- Configured cppcheck exclude dirs and/or files: 
[1.154s] -- Added test 'lint_cmake' to check CMake code style
[1.155s] -- Added test 'uncrustify' to check C / C++ code style
[1.155s] -- Configured uncrustify additional arguments: 
[1.155s] -- Added test 'xmllint' to check XML markup files
[1.157s] -- Configuring done
[1.166s] -- Generating done
[1.169s] -- Build files have been written to: /home/atykym-22/bakalarka_ws/build/odom_calib
[1.179s] Invoked command in '/home/atykym-22/bakalarka_ws/build/odom_calib' returned '0': CMAKE_PREFIX_PATH=/opt/ros/humble /usr/bin/cmake /home/atykym-22/bakalarka_ws/src/odom_calib -DCMAKE_INSTALL_PREFIX=/home/atykym-22/bakalarka_ws/install/odom_calib
[1.181s] Invoking command in '/home/atykym-22/bakalarka_ws/build/odom_calib': CMAKE_PREFIX_PATH=/opt/ros/humble /usr/bin/cmake --build /home/atykym-22/bakalarka_ws/build/odom_calib -- -j8 -l8
[1.226s] [ 50%] [32mBuilding CXX object CMakeFiles/odom_reader.dir/src/main.cpp.o[0m
[4.052s] [100%] [32m[1mLinking CXX executable odom_reader[0m
[4.180s] [100%] Built target odom_reader
[4.191s] Invoked command in '/home/atykym-22/bakalarka_ws/build/odom_calib' returned '0': CMAKE_PREFIX_PATH=/opt/ros/humble /usr/bin/cmake --build /home/atykym-22/bakalarka_ws/build/odom_calib -- -j8 -l8
[4.200s] Invoking command in '/home/atykym-22/bakalarka_ws/build/odom_calib': CMAKE_PREFIX_PATH=/opt/ros/humble /usr/bin/cmake --install /home/atykym-22/bakalarka_ws/build/odom_calib
[4.206s] -- Install configuration: ""
[4.206s] -- Installing: /home/atykym-22/bakalarka_ws/install/odom_calib/lib/odom_calib/odom_reader
[4.207s] -- Set runtime path of "/home/atykym-22/bakalarka_ws/install/odom_calib/lib/odom_calib/odom_reader" to ""
[4.207s] -- Installing: /home/atykym-22/bakalarka_ws/install/odom_calib/share/ament_index/resource_index/package_run_dependencies/odom_calib
[4.207s] -- Installing: /home/atykym-22/bakalarka_ws/install/odom_calib/share/ament_index/resource_index/parent_prefix_path/odom_calib
[4.207s] -- Installing: /home/atykym-22/bakalarka_ws/install/odom_calib/share/odom_calib/environment/ament_prefix_path.sh
[4.207s] -- Installing: /home/atykym-22/bakalarka_ws/install/odom_calib/share/odom_calib/environment/ament_prefix_path.dsv
[4.207s] -- Installing: /home/atykym-22/bakalarka_ws/install/odom_calib/share/odom_calib/environment/path.sh
[4.207s] -- Installing: /home/atykym-22/bakalarka_ws/install/odom_calib/share/odom_calib/environment/path.dsv
[4.208s] -- Installing: /home/atykym-22/bakalarka_ws/install/odom_calib/share/odom_calib/local_setup.bash
[4.208s] -- Installing: /home/atykym-22/bakalarka_ws/install/odom_calib/share/odom_calib/local_setup.sh
[4.208s] -- Installing: /home/atykym-22/bakalarka_ws/install/odom_calib/share/odom_calib/local_setup.zsh
[4.208s] -- Installing: /home/atykym-22/bakalarka_ws/install/odom_calib/share/odom_calib/local_setup.dsv
[4.208s] -- Installing: /home/atykym-22/bakalarka_ws/install/odom_calib/share/odom_calib/package.dsv
[4.208s] -- Installing: /home/atykym-22/bakalarka_ws/install/odom_calib/share/ament_index/resource_index/packages/odom_calib
[4.208s] -- Installing: /home/atykym-22/bakalarka_ws/install/odom_calib/share/odom_calib/cmake/odom_calibConfig.cmake
[4.209s] -- Installing: /home/atykym-22/bakalarka_ws/install/odom_calib/share/odom_calib/cmake/odom_calibConfig-version.cmake
[4.209s] -- Installing: /home/atykym-22/bakalarka_ws/install/odom_calib/share/odom_calib/package.xml
[4.211s] Invoked command in '/home/atykym-22/bakalarka_ws/build/odom_calib' returned '0': CMAKE_PREFIX_PATH=/opt/ros/humble /usr/bin/cmake --install /home/atykym-22/bakalarka_ws/build/odom_calib
