[0.009s] Invoking command in '/home/atykym-22/bakalarka_ws/build/odom_calib': CMAKE_PREFIX_PATH=${CMAKE_PREFIX_PATH}:/opt/ros/humble /usr/bin/cmake --build /home/atykym-22/bakalarka_ws/build/odom_calib -- -j8 -l8
[0.046s] [35m[1mConsolidate compiler generated dependencies of target odom_reader[0m
[0.063s] [ 50%] [32mBuilding CXX object CMakeFiles/odom_reader.dir/src/main.cpp.o[0m
[2.100s] [01m[K/home/atykym-22/bakalarka_ws/src/odom_calib/src/main.cpp:[m[K In function ‘[01m[Kint main(int, char**)[m[K’:
[2.100s] [01m[K/home/atykym-22/bakalarka_ws/src/odom_calib/src/main.cpp:46:12:[m[K [01;35m[Kwarning: [m[Kunused variable ‘[01m[Kodom_x[m[K’ [[01;35m[K]8;;https://gcc.gnu.org/onlinedocs/gcc/Warning-Options.html#index-Wunused-variable-Wunused-variable]8;;[m[K]
[2.100s]    46 |     double [01;35m[Kodom_x[m[K = 0, odom_y = 0, odom_theta = 0;
[2.100s]       |            [01;35m[K^~~~~~[m[K
[2.100s] [01m[K/home/atykym-22/bakalarka_ws/src/odom_calib/src/main.cpp:46:24:[m[K [01;35m[Kwarning: [m[Kunused variable ‘[01m[Kodom_y[m[K’ [[01;35m[K]8;;https://gcc.gnu.org/onlinedocs/gcc/Warning-Options.html#index-Wunused-variable-Wunused-variable]8;;[m[K]
[2.100s]    46 |     double odom_x = 0, [01;35m[Kodom_y[m[K = 0, odom_theta = 0;
[2.100s]       |                        [01;35m[K^~~~~~[m[K
[2.658s] [100%] [32m[1mLinking CXX executable odom_reader[0m
[2.777s] [100%] Built target odom_reader
[2.787s] Invoked command in '/home/atykym-22/bakalarka_ws/build/odom_calib' returned '0': CMAKE_PREFIX_PATH=${CMAKE_PREFIX_PATH}:/opt/ros/humble /usr/bin/cmake --build /home/atykym-22/bakalarka_ws/build/odom_calib -- -j8 -l8
[2.796s] Invoking command in '/home/atykym-22/bakalarka_ws/build/odom_calib': CMAKE_PREFIX_PATH=${CMAKE_PREFIX_PATH}:/opt/ros/humble /usr/bin/cmake --install /home/atykym-22/bakalarka_ws/build/odom_calib
[2.802s] -- Install configuration: ""
[2.802s] -- Installing: /home/atykym-22/bakalarka_ws/install/odom_calib/lib/odom_calib/odom_reader
[2.803s] -- Set runtime path of "/home/atykym-22/bakalarka_ws/install/odom_calib/lib/odom_calib/odom_reader" to ""
[2.803s] -- Up-to-date: /home/atykym-22/bakalarka_ws/install/odom_calib/share/ament_index/resource_index/package_run_dependencies/odom_calib
[2.803s] -- Up-to-date: /home/atykym-22/bakalarka_ws/install/odom_calib/share/ament_index/resource_index/parent_prefix_path/odom_calib
[2.803s] -- Up-to-date: /home/atykym-22/bakalarka_ws/install/odom_calib/share/odom_calib/environment/ament_prefix_path.sh
[2.803s] -- Up-to-date: /home/atykym-22/bakalarka_ws/install/odom_calib/share/odom_calib/environment/ament_prefix_path.dsv
[2.803s] -- Up-to-date: /home/atykym-22/bakalarka_ws/install/odom_calib/share/odom_calib/environment/path.sh
[2.803s] -- Up-to-date: /home/atykym-22/bakalarka_ws/install/odom_calib/share/odom_calib/environment/path.dsv
[2.803s] -- Up-to-date: /home/atykym-22/bakalarka_ws/install/odom_calib/share/odom_calib/local_setup.bash
[2.803s] -- Up-to-date: /home/atykym-22/bakalarka_ws/install/odom_calib/share/odom_calib/local_setup.sh
[2.803s] -- Up-to-date: /home/atykym-22/bakalarka_ws/install/odom_calib/share/odom_calib/local_setup.zsh
[2.803s] -- Up-to-date: /home/atykym-22/bakalarka_ws/install/odom_calib/share/odom_calib/local_setup.dsv
[2.803s] -- Installing: /home/atykym-22/bakalarka_ws/install/odom_calib/share/odom_calib/package.dsv
[2.804s] -- Up-to-date: /home/atykym-22/bakalarka_ws/install/odom_calib/share/ament_index/resource_index/packages/odom_calib
[2.804s] -- Up-to-date: /home/atykym-22/bakalarka_ws/install/odom_calib/share/odom_calib/cmake/odom_calibConfig.cmake
[2.804s] -- Up-to-date: /home/atykym-22/bakalarka_ws/install/odom_calib/share/odom_calib/cmake/odom_calibConfig-version.cmake
[2.804s] -- Up-to-date: /home/atykym-22/bakalarka_ws/install/odom_calib/share/odom_calib/package.xml
[2.805s] Invoked command in '/home/atykym-22/bakalarka_ws/build/odom_calib' returned '0': CMAKE_PREFIX_PATH=${CMAKE_PREFIX_PATH}:/opt/ros/humble /usr/bin/cmake --install /home/atykym-22/bakalarka_ws/build/odom_calib
