[0.132s] DEBUG:colcon:Command line arguments: ['/usr/bin/colcon', 'build']
[0.132s] DEBUG:colcon:Parsed command line arguments: Namespace(log_base=None, log_level=None, verb_name='build', build_base='build', install_base='install', merge_install=False, symlink_install=False, test_result_base=None, continue_on_error=False, executor='parallel', parallel_workers=8, event_handlers=None, ignore_user_meta=False, metas=['./colcon.meta'], base_paths=['.'], packages_ignore=None, packages_ignore_regex=None, paths=None, packages_up_to=None, packages_up_to_regex=None, packages_above=None, packages_above_and_dependencies=None, packages_above_depth=None, packages_select_by_dep=None, packages_skip_by_dep=None, packages_skip_up_to=None, packages_select_build_failed=False, packages_skip_build_finished=False, packages_select_test_failures=False, packages_skip_test_passed=False, packages_select=None, packages_skip=None, packages_select_regex=None, packages_skip_regex=None, packages_start=None, packages_end=None, allow_overriding=[], cmake_args=None, cmake_target=None, cmake_target_skip_unavailable=False, cmake_clean_cache=False, cmake_clean_first=False, cmake_force_configure=False, ament_cmake_args=None, catkin_cmake_args=None, catkin_skip_building_tests=False, verb_parser=<colcon_defaults.argument_parser.defaults.DefaultArgumentsDecorator object at 0x774b5210f100>, verb_extension=<colcon_core.verb.build.BuildVerb object at 0x774b5210eb00>, main=<bound method BuildVerb.main of <colcon_core.verb.build.BuildVerb object at 0x774b5210eb00>>)
[0.331s] Level 1:colcon.colcon_core.package_discovery:discover_packages(colcon_meta) check parameters
[0.331s] Level 1:colcon.colcon_core.package_discovery:discover_packages(recursive) check parameters
[0.331s] Level 1:colcon.colcon_core.package_discovery:discover_packages(ignore) check parameters
[0.332s] Level 1:colcon.colcon_core.package_discovery:discover_packages(path) check parameters
[0.332s] Level 1:colcon.colcon_core.package_discovery:discover_packages(colcon_meta) discover
[0.332s] Level 1:colcon.colcon_core.package_discovery:discover_packages(recursive) discover
[0.332s] INFO:colcon.colcon_core.package_discovery:Crawling recursively for packages in '/home/atykym-22/bakalarka_ws'
[0.332s] Level 1:colcon.colcon_core.package_identification:_identify(.) by extensions ['ignore', 'ignore_ament_install']
[0.332s] Level 1:colcon.colcon_core.package_identification:_identify(.) by extension 'ignore'
[0.332s] Level 1:colcon.colcon_core.package_identification:_identify(.) by extension 'ignore_ament_install'
[0.332s] Level 1:colcon.colcon_core.package_identification:_identify(.) by extensions ['colcon_pkg']
[0.332s] Level 1:colcon.colcon_core.package_identification:_identify(.) by extension 'colcon_pkg'
[0.332s] Level 1:colcon.colcon_core.package_identification:_identify(.) by extensions ['colcon_meta']
[0.332s] Level 1:colcon.colcon_core.package_identification:_identify(.) by extension 'colcon_meta'
[0.332s] Level 1:colcon.colcon_core.package_identification:_identify(.) by extensions ['ros']
[0.332s] Level 1:colcon.colcon_core.package_identification:_identify(.) by extension 'ros'
[0.342s] Level 1:colcon.colcon_core.package_identification:_identify(.) by extensions ['cmake', 'python']
[0.342s] Level 1:colcon.colcon_core.package_identification:_identify(.) by extension 'cmake'
[0.342s] Level 1:colcon.colcon_core.package_identification:_identify(.) by extension 'python'
[0.342s] Level 1:colcon.colcon_core.package_identification:_identify(.) by extensions ['python_setup_py']
[0.342s] Level 1:colcon.colcon_core.package_identification:_identify(.) by extension 'python_setup_py'
[0.342s] Level 1:colcon.colcon_core.package_identification:_identify(build) by extensions ['ignore', 'ignore_ament_install']
[0.342s] Level 1:colcon.colcon_core.package_identification:_identify(build) by extension 'ignore'
[0.342s] Level 1:colcon.colcon_core.package_identification:_identify(build) ignored
[0.342s] Level 1:colcon.colcon_core.package_identification:_identify(data) by extensions ['ignore', 'ignore_ament_install']
[0.342s] Level 1:colcon.colcon_core.package_identification:_identify(data) by extension 'ignore'
[0.342s] Level 1:colcon.colcon_core.package_identification:_identify(data) by extension 'ignore_ament_install'
[0.342s] Level 1:colcon.colcon_core.package_identification:_identify(data) by extensions ['colcon_pkg']
[0.342s] Level 1:colcon.colcon_core.package_identification:_identify(data) by extension 'colcon_pkg'
[0.343s] Level 1:colcon.colcon_core.package_identification:_identify(data) by extensions ['colcon_meta']
[0.343s] Level 1:colcon.colcon_core.package_identification:_identify(data) by extension 'colcon_meta'
[0.343s] Level 1:colcon.colcon_core.package_identification:_identify(data) by extensions ['ros']
[0.343s] Level 1:colcon.colcon_core.package_identification:_identify(data) by extension 'ros'
[0.343s] Level 1:colcon.colcon_core.package_identification:_identify(data) by extensions ['cmake', 'python']
[0.343s] Level 1:colcon.colcon_core.package_identification:_identify(data) by extension 'cmake'
[0.343s] Level 1:colcon.colcon_core.package_identification:_identify(data) by extension 'python'
[0.343s] Level 1:colcon.colcon_core.package_identification:_identify(data) by extensions ['python_setup_py']
[0.343s] Level 1:colcon.colcon_core.package_identification:_identify(data) by extension 'python_setup_py'
[0.343s] Level 1:colcon.colcon_core.package_identification:_identify(data/kobuki_data) by extensions ['ignore', 'ignore_ament_install']
[0.343s] Level 1:colcon.colcon_core.package_identification:_identify(data/kobuki_data) by extension 'ignore'
[0.343s] Level 1:colcon.colcon_core.package_identification:_identify(data/kobuki_data) by extension 'ignore_ament_install'
[0.343s] Level 1:colcon.colcon_core.package_identification:_identify(data/kobuki_data) by extensions ['colcon_pkg']
[0.343s] Level 1:colcon.colcon_core.package_identification:_identify(data/kobuki_data) by extension 'colcon_pkg'
[0.343s] Level 1:colcon.colcon_core.package_identification:_identify(data/kobuki_data) by extensions ['colcon_meta']
[0.343s] Level 1:colcon.colcon_core.package_identification:_identify(data/kobuki_data) by extension 'colcon_meta'
[0.343s] Level 1:colcon.colcon_core.package_identification:_identify(data/kobuki_data) by extensions ['ros']
[0.343s] Level 1:colcon.colcon_core.package_identification:_identify(data/kobuki_data) by extension 'ros'
[0.343s] Level 1:colcon.colcon_core.package_identification:_identify(data/kobuki_data) by extensions ['cmake', 'python']
[0.343s] Level 1:colcon.colcon_core.package_identification:_identify(data/kobuki_data) by extension 'cmake'
[0.343s] Level 1:colcon.colcon_core.package_identification:_identify(data/kobuki_data) by extension 'python'
[0.343s] Level 1:colcon.colcon_core.package_identification:_identify(data/kobuki_data) by extensions ['python_setup_py']
[0.343s] Level 1:colcon.colcon_core.package_identification:_identify(data/kobuki_data) by extension 'python_setup_py'
[0.344s] Level 1:colcon.colcon_core.package_identification:_identify(data/kobuki_data/lencuvanie) by extensions ['ignore', 'ignore_ament_install']
[0.344s] Level 1:colcon.colcon_core.package_identification:_identify(data/kobuki_data/lencuvanie) by extension 'ignore'
[0.344s] Level 1:colcon.colcon_core.package_identification:_identify(data/kobuki_data/lencuvanie) by extension 'ignore_ament_install'
[0.344s] Level 1:colcon.colcon_core.package_identification:_identify(data/kobuki_data/lencuvanie) by extensions ['colcon_pkg']
[0.344s] Level 1:colcon.colcon_core.package_identification:_identify(data/kobuki_data/lencuvanie) by extension 'colcon_pkg'
[0.344s] Level 1:colcon.colcon_core.package_identification:_identify(data/kobuki_data/lencuvanie) by extensions ['colcon_meta']
[0.344s] Level 1:colcon.colcon_core.package_identification:_identify(data/kobuki_data/lencuvanie) by extension 'colcon_meta'
[0.344s] Level 1:colcon.colcon_core.package_identification:_identify(data/kobuki_data/lencuvanie) by extensions ['ros']
[0.344s] Level 1:colcon.colcon_core.package_identification:_identify(data/kobuki_data/lencuvanie) by extension 'ros'
[0.344s] Level 1:colcon.colcon_core.package_identification:_identify(data/kobuki_data/lencuvanie) by extensions ['cmake', 'python']
[0.344s] Level 1:colcon.colcon_core.package_identification:_identify(data/kobuki_data/lencuvanie) by extension 'cmake'
[0.344s] Level 1:colcon.colcon_core.package_identification:_identify(data/kobuki_data/lencuvanie) by extension 'python'
[0.344s] Level 1:colcon.colcon_core.package_identification:_identify(data/kobuki_data/lencuvanie) by extensions ['python_setup_py']
[0.344s] Level 1:colcon.colcon_core.package_identification:_identify(data/kobuki_data/lencuvanie) by extension 'python_setup_py'
[0.344s] Level 1:colcon.colcon_core.package_identification:_identify(data/kobuki_data/osmicka) by extensions ['ignore', 'ignore_ament_install']
[0.344s] Level 1:colcon.colcon_core.package_identification:_identify(data/kobuki_data/osmicka) by extension 'ignore'
[0.344s] Level 1:colcon.colcon_core.package_identification:_identify(data/kobuki_data/osmicka) by extension 'ignore_ament_install'
[0.344s] Level 1:colcon.colcon_core.package_identification:_identify(data/kobuki_data/osmicka) by extensions ['colcon_pkg']
[0.345s] Level 1:colcon.colcon_core.package_identification:_identify(data/kobuki_data/osmicka) by extension 'colcon_pkg'
[0.345s] Level 1:colcon.colcon_core.package_identification:_identify(data/kobuki_data/osmicka) by extensions ['colcon_meta']
[0.345s] Level 1:colcon.colcon_core.package_identification:_identify(data/kobuki_data/osmicka) by extension 'colcon_meta'
[0.345s] Level 1:colcon.colcon_core.package_identification:_identify(data/kobuki_data/osmicka) by extensions ['ros']
[0.345s] Level 1:colcon.colcon_core.package_identification:_identify(data/kobuki_data/osmicka) by extension 'ros'
[0.345s] Level 1:colcon.colcon_core.package_identification:_identify(data/kobuki_data/osmicka) by extensions ['cmake', 'python']
[0.345s] Level 1:colcon.colcon_core.package_identification:_identify(data/kobuki_data/osmicka) by extension 'cmake'
[0.345s] Level 1:colcon.colcon_core.package_identification:_identify(data/kobuki_data/osmicka) by extension 'python'
[0.345s] Level 1:colcon.colcon_core.package_identification:_identify(data/kobuki_data/osmicka) by extensions ['python_setup_py']
[0.345s] Level 1:colcon.colcon_core.package_identification:_identify(data/kobuki_data/osmicka) by extension 'python_setup_py'
[0.345s] Level 1:colcon.colcon_core.package_identification:_identify(data/kobuki_data/umbmark) by extensions ['ignore', 'ignore_ament_install']
[0.345s] Level 1:colcon.colcon_core.package_identification:_identify(data/kobuki_data/umbmark) by extension 'ignore'
[0.345s] Level 1:colcon.colcon_core.package_identification:_identify(data/kobuki_data/umbmark) by extension 'ignore_ament_install'
[0.345s] Level 1:colcon.colcon_core.package_identification:_identify(data/kobuki_data/umbmark) by extensions ['colcon_pkg']
[0.345s] Level 1:colcon.colcon_core.package_identification:_identify(data/kobuki_data/umbmark) by extension 'colcon_pkg'
[0.345s] Level 1:colcon.colcon_core.package_identification:_identify(data/kobuki_data/umbmark) by extensions ['colcon_meta']
[0.345s] Level 1:colcon.colcon_core.package_identification:_identify(data/kobuki_data/umbmark) by extension 'colcon_meta'
[0.345s] Level 1:colcon.colcon_core.package_identification:_identify(data/kobuki_data/umbmark) by extensions ['ros']
[0.345s] Level 1:colcon.colcon_core.package_identification:_identify(data/kobuki_data/umbmark) by extension 'ros'
[0.345s] Level 1:colcon.colcon_core.package_identification:_identify(data/kobuki_data/umbmark) by extensions ['cmake', 'python']
[0.345s] Level 1:colcon.colcon_core.package_identification:_identify(data/kobuki_data/umbmark) by extension 'cmake'
[0.345s] Level 1:colcon.colcon_core.package_identification:_identify(data/kobuki_data/umbmark) by extension 'python'
[0.345s] Level 1:colcon.colcon_core.package_identification:_identify(data/kobuki_data/umbmark) by extensions ['python_setup_py']
[0.345s] Level 1:colcon.colcon_core.package_identification:_identify(data/kobuki_data/umbmark) by extension 'python_setup_py'
[0.346s] Level 1:colcon.colcon_core.package_identification:_identify(data/kobuki_data/umbmark_ccw) by extensions ['ignore', 'ignore_ament_install']
[0.346s] Level 1:colcon.colcon_core.package_identification:_identify(data/kobuki_data/umbmark_ccw) by extension 'ignore'
[0.346s] Level 1:colcon.colcon_core.package_identification:_identify(data/kobuki_data/umbmark_ccw) by extension 'ignore_ament_install'
[0.346s] Level 1:colcon.colcon_core.package_identification:_identify(data/kobuki_data/umbmark_ccw) by extensions ['colcon_pkg']
[0.346s] Level 1:colcon.colcon_core.package_identification:_identify(data/kobuki_data/umbmark_ccw) by extension 'colcon_pkg'
[0.346s] Level 1:colcon.colcon_core.package_identification:_identify(data/kobuki_data/umbmark_ccw) by extensions ['colcon_meta']
[0.346s] Level 1:colcon.colcon_core.package_identification:_identify(data/kobuki_data/umbmark_ccw) by extension 'colcon_meta'
[0.346s] Level 1:colcon.colcon_core.package_identification:_identify(data/kobuki_data/umbmark_ccw) by extensions ['ros']
[0.346s] Level 1:colcon.colcon_core.package_identification:_identify(data/kobuki_data/umbmark_ccw) by extension 'ros'
[0.346s] Level 1:colcon.colcon_core.package_identification:_identify(data/kobuki_data/umbmark_ccw) by extensions ['cmake', 'python']
[0.346s] Level 1:colcon.colcon_core.package_identification:_identify(data/kobuki_data/umbmark_ccw) by extension 'cmake'
[0.346s] Level 1:colcon.colcon_core.package_identification:_identify(data/kobuki_data/umbmark_ccw) by extension 'python'
[0.346s] Level 1:colcon.colcon_core.package_identification:_identify(data/kobuki_data/umbmark_ccw) by extensions ['python_setup_py']
[0.346s] Level 1:colcon.colcon_core.package_identification:_identify(data/kobuki_data/umbmark_ccw) by extension 'python_setup_py'
[0.346s] Level 1:colcon.colcon_core.package_identification:_identify(data/kobuki_data/volna_jazda_v1) by extensions ['ignore', 'ignore_ament_install']
[0.346s] Level 1:colcon.colcon_core.package_identification:_identify(data/kobuki_data/volna_jazda_v1) by extension 'ignore'
[0.346s] Level 1:colcon.colcon_core.package_identification:_identify(data/kobuki_data/volna_jazda_v1) by extension 'ignore_ament_install'
[0.347s] Level 1:colcon.colcon_core.package_identification:_identify(data/kobuki_data/volna_jazda_v1) by extensions ['colcon_pkg']
[0.347s] Level 1:colcon.colcon_core.package_identification:_identify(data/kobuki_data/volna_jazda_v1) by extension 'colcon_pkg'
[0.347s] Level 1:colcon.colcon_core.package_identification:_identify(data/kobuki_data/volna_jazda_v1) by extensions ['colcon_meta']
[0.347s] Level 1:colcon.colcon_core.package_identification:_identify(data/kobuki_data/volna_jazda_v1) by extension 'colcon_meta'
[0.347s] Level 1:colcon.colcon_core.package_identification:_identify(data/kobuki_data/volna_jazda_v1) by extensions ['ros']
[0.347s] Level 1:colcon.colcon_core.package_identification:_identify(data/kobuki_data/volna_jazda_v1) by extension 'ros'
[0.347s] Level 1:colcon.colcon_core.package_identification:_identify(data/kobuki_data/volna_jazda_v1) by extensions ['cmake', 'python']
[0.347s] Level 1:colcon.colcon_core.package_identification:_identify(data/kobuki_data/volna_jazda_v1) by extension 'cmake'
[0.347s] Level 1:colcon.colcon_core.package_identification:_identify(data/kobuki_data/volna_jazda_v1) by extension 'python'
[0.347s] Level 1:colcon.colcon_core.package_identification:_identify(data/kobuki_data/volna_jazda_v1) by extensions ['python_setup_py']
[0.347s] Level 1:colcon.colcon_core.package_identification:_identify(data/kobuki_data/volna_jazda_v1) by extension 'python_setup_py'
[0.347s] Level 1:colcon.colcon_core.package_identification:_identify(data/kobuki_data/volna_jazda_v2_stvorce) by extensions ['ignore', 'ignore_ament_install']
[0.347s] Level 1:colcon.colcon_core.package_identification:_identify(data/kobuki_data/volna_jazda_v2_stvorce) by extension 'ignore'
[0.347s] Level 1:colcon.colcon_core.package_identification:_identify(data/kobuki_data/volna_jazda_v2_stvorce) by extension 'ignore_ament_install'
[0.347s] Level 1:colcon.colcon_core.package_identification:_identify(data/kobuki_data/volna_jazda_v2_stvorce) by extensions ['colcon_pkg']
[0.347s] Level 1:colcon.colcon_core.package_identification:_identify(data/kobuki_data/volna_jazda_v2_stvorce) by extension 'colcon_pkg'
[0.347s] Level 1:colcon.colcon_core.package_identification:_identify(data/kobuki_data/volna_jazda_v2_stvorce) by extensions ['colcon_meta']
[0.347s] Level 1:colcon.colcon_core.package_identification:_identify(data/kobuki_data/volna_jazda_v2_stvorce) by extension 'colcon_meta'
[0.347s] Level 1:colcon.colcon_core.package_identification:_identify(data/kobuki_data/volna_jazda_v2_stvorce) by extensions ['ros']
[0.347s] Level 1:colcon.colcon_core.package_identification:_identify(data/kobuki_data/volna_jazda_v2_stvorce) by extension 'ros'
[0.347s] Level 1:colcon.colcon_core.package_identification:_identify(data/kobuki_data/volna_jazda_v2_stvorce) by extensions ['cmake', 'python']
[0.347s] Level 1:colcon.colcon_core.package_identification:_identify(data/kobuki_data/volna_jazda_v2_stvorce) by extension 'cmake'
[0.347s] Level 1:colcon.colcon_core.package_identification:_identify(data/kobuki_data/volna_jazda_v2_stvorce) by extension 'python'
[0.347s] Level 1:colcon.colcon_core.package_identification:_identify(data/kobuki_data/volna_jazda_v2_stvorce) by extensions ['python_setup_py']
[0.348s] Level 1:colcon.colcon_core.package_identification:_identify(data/kobuki_data/volna_jazda_v2_stvorce) by extension 'python_setup_py'
[0.348s] Level 1:colcon.colcon_core.package_identification:_identify(data/kobuki_data/volna_jazda_v3) by extensions ['ignore', 'ignore_ament_install']
[0.348s] Level 1:colcon.colcon_core.package_identification:_identify(data/kobuki_data/volna_jazda_v3) by extension 'ignore'
[0.348s] Level 1:colcon.colcon_core.package_identification:_identify(data/kobuki_data/volna_jazda_v3) by extension 'ignore_ament_install'
[0.348s] Level 1:colcon.colcon_core.package_identification:_identify(data/kobuki_data/volna_jazda_v3) by extensions ['colcon_pkg']
[0.348s] Level 1:colcon.colcon_core.package_identification:_identify(data/kobuki_data/volna_jazda_v3) by extension 'colcon_pkg'
[0.348s] Level 1:colcon.colcon_core.package_identification:_identify(data/kobuki_data/volna_jazda_v3) by extensions ['colcon_meta']
[0.348s] Level 1:colcon.colcon_core.package_identification:_identify(data/kobuki_data/volna_jazda_v3) by extension 'colcon_meta'
[0.348s] Level 1:colcon.colcon_core.package_identification:_identify(data/kobuki_data/volna_jazda_v3) by extensions ['ros']
[0.348s] Level 1:colcon.colcon_core.package_identification:_identify(data/kobuki_data/volna_jazda_v3) by extension 'ros'
[0.348s] Level 1:colcon.colcon_core.package_identification:_identify(data/kobuki_data/volna_jazda_v3) by extensions ['cmake', 'python']
[0.348s] Level 1:colcon.colcon_core.package_identification:_identify(data/kobuki_data/volna_jazda_v3) by extension 'cmake'
[0.348s] Level 1:colcon.colcon_core.package_identification:_identify(data/kobuki_data/volna_jazda_v3) by extension 'python'
[0.348s] Level 1:colcon.colcon_core.package_identification:_identify(data/kobuki_data/volna_jazda_v3) by extensions ['python_setup_py']
[0.348s] Level 1:colcon.colcon_core.package_identification:_identify(data/kobuki_data/volna_jazda_v3) by extension 'python_setup_py'
[0.348s] Level 1:colcon.colcon_core.package_identification:_identify(data/kobuki_data/volna_jazda_v4) by extensions ['ignore', 'ignore_ament_install']
[0.349s] Level 1:colcon.colcon_core.package_identification:_identify(data/kobuki_data/volna_jazda_v4) by extension 'ignore'
[0.349s] Level 1:colcon.colcon_core.package_identification:_identify(data/kobuki_data/volna_jazda_v4) by extension 'ignore_ament_install'
[0.349s] Level 1:colcon.colcon_core.package_identification:_identify(data/kobuki_data/volna_jazda_v4) by extensions ['colcon_pkg']
[0.349s] Level 1:colcon.colcon_core.package_identification:_identify(data/kobuki_data/volna_jazda_v4) by extension 'colcon_pkg'
[0.349s] Level 1:colcon.colcon_core.package_identification:_identify(data/kobuki_data/volna_jazda_v4) by extensions ['colcon_meta']
[0.349s] Level 1:colcon.colcon_core.package_identification:_identify(data/kobuki_data/volna_jazda_v4) by extension 'colcon_meta'
[0.349s] Level 1:colcon.colcon_core.package_identification:_identify(data/kobuki_data/volna_jazda_v4) by extensions ['ros']
[0.349s] Level 1:colcon.colcon_core.package_identification:_identify(data/kobuki_data/volna_jazda_v4) by extension 'ros'
[0.349s] Level 1:colcon.colcon_core.package_identification:_identify(data/kobuki_data/volna_jazda_v4) by extensions ['cmake', 'python']
[0.349s] Level 1:colcon.colcon_core.package_identification:_identify(data/kobuki_data/volna_jazda_v4) by extension 'cmake'
[0.349s] Level 1:colcon.colcon_core.package_identification:_identify(data/kobuki_data/volna_jazda_v4) by extension 'python'
[0.349s] Level 1:colcon.colcon_core.package_identification:_identify(data/kobuki_data/volna_jazda_v4) by extensions ['python_setup_py']
[0.349s] Level 1:colcon.colcon_core.package_identification:_identify(data/kobuki_data/volna_jazda_v4) by extension 'python_setup_py'
[0.349s] Level 1:colcon.colcon_core.package_identification:_identify(install) by extensions ['ignore', 'ignore_ament_install']
[0.349s] Level 1:colcon.colcon_core.package_identification:_identify(install) by extension 'ignore'
[0.349s] Level 1:colcon.colcon_core.package_identification:_identify(install) ignored
[0.349s] Level 1:colcon.colcon_core.package_identification:_identify(log) by extensions ['ignore', 'ignore_ament_install']
[0.349s] Level 1:colcon.colcon_core.package_identification:_identify(log) by extension 'ignore'
[0.349s] Level 1:colcon.colcon_core.package_identification:_identify(log) ignored
[0.349s] Level 1:colcon.colcon_core.package_identification:_identify(src) by extensions ['ignore', 'ignore_ament_install']
[0.349s] Level 1:colcon.colcon_core.package_identification:_identify(src) by extension 'ignore'
[0.349s] Level 1:colcon.colcon_core.package_identification:_identify(src) by extension 'ignore_ament_install'
[0.349s] Level 1:colcon.colcon_core.package_identification:_identify(src) by extensions ['colcon_pkg']
[0.350s] Level 1:colcon.colcon_core.package_identification:_identify(src) by extension 'colcon_pkg'
[0.350s] Level 1:colcon.colcon_core.package_identification:_identify(src) by extensions ['colcon_meta']
[0.350s] Level 1:colcon.colcon_core.package_identification:_identify(src) by extension 'colcon_meta'
[0.350s] Level 1:colcon.colcon_core.package_identification:_identify(src) by extensions ['ros']
[0.350s] Level 1:colcon.colcon_core.package_identification:_identify(src) by extension 'ros'
[0.350s] Level 1:colcon.colcon_core.package_identification:_identify(src) by extensions ['cmake', 'python']
[0.350s] Level 1:colcon.colcon_core.package_identification:_identify(src) by extension 'cmake'
[0.350s] Level 1:colcon.colcon_core.package_identification:_identify(src) by extension 'python'
[0.350s] Level 1:colcon.colcon_core.package_identification:_identify(src) by extensions ['python_setup_py']
[0.350s] Level 1:colcon.colcon_core.package_identification:_identify(src) by extension 'python_setup_py'
[0.350s] Level 1:colcon.colcon_core.package_identification:_identify(src/odom_calib) by extensions ['ignore', 'ignore_ament_install']
[0.350s] Level 1:colcon.colcon_core.package_identification:_identify(src/odom_calib) by extension 'ignore'
[0.350s] Level 1:colcon.colcon_core.package_identification:_identify(src/odom_calib) by extension 'ignore_ament_install'
[0.350s] Level 1:colcon.colcon_core.package_identification:_identify(src/odom_calib) by extensions ['colcon_pkg']
[0.350s] Level 1:colcon.colcon_core.package_identification:_identify(src/odom_calib) by extension 'colcon_pkg'
[0.350s] Level 1:colcon.colcon_core.package_identification:_identify(src/odom_calib) by extensions ['colcon_meta']
[0.350s] Level 1:colcon.colcon_core.package_identification:_identify(src/odom_calib) by extension 'colcon_meta'
[0.350s] Level 1:colcon.colcon_core.package_identification:_identify(src/odom_calib) by extensions ['ros']
[0.350s] Level 1:colcon.colcon_core.package_identification:_identify(src/odom_calib) by extension 'ros'
[0.353s] DEBUG:colcon.colcon_core.package_identification:Package 'src/odom_calib' with type 'ros.ament_cmake' and name 'odom_calib'
[0.353s] Level 1:colcon.colcon_core.package_discovery:discover_packages(recursive) using defaults
[0.353s] Level 1:colcon.colcon_core.package_discovery:discover_packages(ignore) discover
[0.353s] Level 1:colcon.colcon_core.package_discovery:discover_packages(ignore) using defaults
[0.353s] Level 1:colcon.colcon_core.package_discovery:discover_packages(path) discover
[0.353s] Level 1:colcon.colcon_core.package_discovery:discover_packages(path) using defaults
[0.375s] Level 1:colcon.colcon_core.package_discovery:discover_packages(prefix_path) check parameters
[0.375s] Level 1:colcon.colcon_core.package_discovery:discover_packages(prefix_path) discover
[0.378s] DEBUG:colcon.colcon_installed_package_information.package_discovery:Found 1 installed packages in /home/atykym-22/bakalarka_ws/install
[0.379s] DEBUG:colcon.colcon_installed_package_information.package_discovery:Found 282 installed packages in /opt/ros/humble
[0.389s] Level 1:colcon.colcon_core.package_discovery:discover_packages(prefix_path) using defaults
[0.418s] Level 5:colcon.colcon_core.verb:set package 'odom_calib' build argument 'cmake_args' from command line to 'None'
[0.418s] Level 5:colcon.colcon_core.verb:set package 'odom_calib' build argument 'cmake_target' from command line to 'None'
[0.418s] Level 5:colcon.colcon_core.verb:set package 'odom_calib' build argument 'cmake_target_skip_unavailable' from command line to 'False'
[0.418s] Level 5:colcon.colcon_core.verb:set package 'odom_calib' build argument 'cmake_clean_cache' from command line to 'False'
[0.418s] Level 5:colcon.colcon_core.verb:set package 'odom_calib' build argument 'cmake_clean_first' from command line to 'False'
[0.418s] Level 5:colcon.colcon_core.verb:set package 'odom_calib' build argument 'cmake_force_configure' from command line to 'False'
[0.418s] Level 5:colcon.colcon_core.verb:set package 'odom_calib' build argument 'ament_cmake_args' from command line to 'None'
[0.418s] Level 5:colcon.colcon_core.verb:set package 'odom_calib' build argument 'catkin_cmake_args' from command line to 'None'
[0.418s] Level 5:colcon.colcon_core.verb:set package 'odom_calib' build argument 'catkin_skip_building_tests' from command line to 'False'
[0.419s] DEBUG:colcon.colcon_core.verb:Building package 'odom_calib' with the following arguments: {'ament_cmake_args': None, 'build_base': '/home/atykym-22/bakalarka_ws/build/odom_calib', 'catkin_cmake_args': None, 'catkin_skip_building_tests': False, 'cmake_args': None, 'cmake_clean_cache': False, 'cmake_clean_first': False, 'cmake_force_configure': False, 'cmake_target': None, 'cmake_target_skip_unavailable': False, 'install_base': '/home/atykym-22/bakalarka_ws/install/odom_calib', 'merge_install': False, 'path': '/home/atykym-22/bakalarka_ws/src/odom_calib', 'symlink_install': False, 'test_result_base': None}
[0.419s] INFO:colcon.colcon_core.executor:Executing jobs using 'parallel' executor
[0.419s] DEBUG:colcon.colcon_parallel_executor.executor.parallel:run_until_complete
[0.420s] INFO:colcon.colcon_ros.task.ament_cmake.build:Building ROS package in '/home/atykym-22/bakalarka_ws/src/odom_calib' with build type 'ament_cmake'
[0.420s] INFO:colcon.colcon_cmake.task.cmake.build:Building CMake package in '/home/atykym-22/bakalarka_ws/src/odom_calib'
[0.424s] INFO:colcon.colcon_core.plugin_system:Skipping extension 'colcon_core.shell.bat': Not used on non-Windows systems
[0.424s] INFO:colcon.colcon_core.shell:Skip shell extension 'powershell' for command environment: Not usable outside of PowerShell
[0.424s] DEBUG:colcon.colcon_core.shell:Skip shell extension 'dsv' for command environment
[0.431s] DEBUG:colcon.colcon_core.event_handler.log_command:Invoking command in '/home/atykym-22/bakalarka_ws/build/odom_calib': CMAKE_PREFIX_PATH=${CMAKE_PREFIX_PATH}:/opt/ros/humble /usr/bin/cmake --build /home/atykym-22/bakalarka_ws/build/odom_calib -- -j8 -l8
[3.486s] DEBUG:colcon.colcon_core.event_handler.log_command:Invoked command in '/home/atykym-22/bakalarka_ws/build/odom_calib' returned '0': CMAKE_PREFIX_PATH=${CMAKE_PREFIX_PATH}:/opt/ros/humble /usr/bin/cmake --build /home/atykym-22/bakalarka_ws/build/odom_calib -- -j8 -l8
[3.497s] DEBUG:colcon.colcon_core.event_handler.log_command:Invoking command in '/home/atykym-22/bakalarka_ws/build/odom_calib': CMAKE_PREFIX_PATH=${CMAKE_PREFIX_PATH}:/opt/ros/humble /usr/bin/cmake --install /home/atykym-22/bakalarka_ws/build/odom_calib
[3.508s] Level 1:colcon.colcon_core.environment:create_environment_scripts_only(odom_calib)
[3.509s] DEBUG:colcon.colcon_core.event_handler.log_command:Invoked command in '/home/atykym-22/bakalarka_ws/build/odom_calib' returned '0': CMAKE_PREFIX_PATH=${CMAKE_PREFIX_PATH}:/opt/ros/humble /usr/bin/cmake --install /home/atykym-22/bakalarka_ws/build/odom_calib
[3.514s] Level 1:colcon.colcon_core.environment:checking '/home/atykym-22/bakalarka_ws/install/odom_calib' for CMake module files
[3.514s] Level 1:colcon.colcon_core.environment:checking '/home/atykym-22/bakalarka_ws/install/odom_calib' for CMake config files
[3.515s] Level 1:colcon.colcon_core.shell:create_environment_hook('odom_calib', 'cmake_prefix_path')
[3.515s] INFO:colcon.colcon_core.shell:Creating environment hook '/home/atykym-22/bakalarka_ws/install/odom_calib/share/odom_calib/hook/cmake_prefix_path.ps1'
[3.516s] INFO:colcon.colcon_core.shell:Creating environment descriptor '/home/atykym-22/bakalarka_ws/install/odom_calib/share/odom_calib/hook/cmake_prefix_path.dsv'
[3.516s] INFO:colcon.colcon_core.shell:Creating environment hook '/home/atykym-22/bakalarka_ws/install/odom_calib/share/odom_calib/hook/cmake_prefix_path.sh'
[3.517s] Level 1:colcon.colcon_core.environment:checking '/home/atykym-22/bakalarka_ws/install/odom_calib/lib'
[3.518s] Level 1:colcon.colcon_core.environment:checking '/home/atykym-22/bakalarka_ws/install/odom_calib/bin'
[3.518s] Level 1:colcon.colcon_core.environment:checking '/home/atykym-22/bakalarka_ws/install/odom_calib/lib/pkgconfig/odom_calib.pc'
[3.518s] Level 1:colcon.colcon_core.environment:checking '/home/atykym-22/bakalarka_ws/install/odom_calib/lib/python3.10/site-packages'
[3.518s] Level 1:colcon.colcon_core.environment:checking '/home/atykym-22/bakalarka_ws/install/odom_calib/bin'
[3.518s] INFO:colcon.colcon_core.shell:Creating package script '/home/atykym-22/bakalarka_ws/install/odom_calib/share/odom_calib/package.ps1'
[3.519s] INFO:colcon.colcon_core.shell:Creating package descriptor '/home/atykym-22/bakalarka_ws/install/odom_calib/share/odom_calib/package.dsv'
[3.520s] INFO:colcon.colcon_core.shell:Creating package script '/home/atykym-22/bakalarka_ws/install/odom_calib/share/odom_calib/package.sh'
[3.521s] INFO:colcon.colcon_core.shell:Creating package script '/home/atykym-22/bakalarka_ws/install/odom_calib/share/odom_calib/package.bash'
[3.522s] INFO:colcon.colcon_core.shell:Creating package script '/home/atykym-22/bakalarka_ws/install/odom_calib/share/odom_calib/package.zsh'
[3.523s] Level 1:colcon.colcon_core.environment:create_file_with_runtime_dependencies(/home/atykym-22/bakalarka_ws/install/odom_calib/share/colcon-core/packages/odom_calib)
[3.523s] Level 1:colcon.colcon_core.environment:create_environment_scripts_only(odom_calib)
[3.523s] Level 1:colcon.colcon_core.environment:checking '/home/atykym-22/bakalarka_ws/install/odom_calib' for CMake module files
[3.524s] Level 1:colcon.colcon_core.environment:checking '/home/atykym-22/bakalarka_ws/install/odom_calib' for CMake config files
[3.524s] Level 1:colcon.colcon_core.shell:create_environment_hook('odom_calib', 'cmake_prefix_path')
[3.524s] INFO:colcon.colcon_core.shell:Creating environment hook '/home/atykym-22/bakalarka_ws/install/odom_calib/share/odom_calib/hook/cmake_prefix_path.ps1'
[3.524s] INFO:colcon.colcon_core.shell:Creating environment descriptor '/home/atykym-22/bakalarka_ws/install/odom_calib/share/odom_calib/hook/cmake_prefix_path.dsv'
[3.525s] INFO:colcon.colcon_core.shell:Creating environment hook '/home/atykym-22/bakalarka_ws/install/odom_calib/share/odom_calib/hook/cmake_prefix_path.sh'
[3.525s] Level 1:colcon.colcon_core.environment:checking '/home/atykym-22/bakalarka_ws/install/odom_calib/lib'
[3.525s] Level 1:colcon.colcon_core.environment:checking '/home/atykym-22/bakalarka_ws/install/odom_calib/bin'
[3.525s] Level 1:colcon.colcon_core.environment:checking '/home/atykym-22/bakalarka_ws/install/odom_calib/lib/pkgconfig/odom_calib.pc'
[3.525s] Level 1:colcon.colcon_core.environment:checking '/home/atykym-22/bakalarka_ws/install/odom_calib/lib/python3.10/site-packages'
[3.526s] Level 1:colcon.colcon_core.environment:checking '/home/atykym-22/bakalarka_ws/install/odom_calib/bin'
[3.526s] INFO:colcon.colcon_core.shell:Creating package script '/home/atykym-22/bakalarka_ws/install/odom_calib/share/odom_calib/package.ps1'
[3.526s] INFO:colcon.colcon_core.shell:Creating package descriptor '/home/atykym-22/bakalarka_ws/install/odom_calib/share/odom_calib/package.dsv'
[3.527s] INFO:colcon.colcon_core.shell:Creating package script '/home/atykym-22/bakalarka_ws/install/odom_calib/share/odom_calib/package.sh'
[3.527s] INFO:colcon.colcon_core.shell:Creating package script '/home/atykym-22/bakalarka_ws/install/odom_calib/share/odom_calib/package.bash'
[3.527s] INFO:colcon.colcon_core.shell:Creating package script '/home/atykym-22/bakalarka_ws/install/odom_calib/share/odom_calib/package.zsh'
[3.527s] Level 1:colcon.colcon_core.environment:create_file_with_runtime_dependencies(/home/atykym-22/bakalarka_ws/install/odom_calib/share/colcon-core/packages/odom_calib)
[3.528s] DEBUG:colcon.colcon_parallel_executor.executor.parallel:closing loop
[3.528s] DEBUG:colcon.colcon_parallel_executor.executor.parallel:loop closed
[3.528s] DEBUG:colcon.colcon_parallel_executor.executor.parallel:run_until_complete finished with '0'
[3.528s] DEBUG:colcon.colcon_core.event_reactor:joining thread
[3.534s] INFO:colcon.colcon_core.plugin_system:Skipping extension 'colcon_notification.desktop_notification.terminal_notifier': Not used on non-Darwin systems
[3.534s] INFO:colcon.colcon_core.plugin_system:Skipping extension 'colcon_notification.desktop_notification.win32': Not used on non-Windows systems
[3.534s] INFO:colcon.colcon_notification.desktop_notification:Sending desktop notification using 'notify2'
[3.544s] DEBUG:colcon.colcon_core.event_reactor:joined thread
[3.545s] INFO:colcon.colcon_core.shell:Creating prefix script '/home/atykym-22/bakalarka_ws/install/local_setup.ps1'
[3.546s] INFO:colcon.colcon_core.shell:Creating prefix util module '/home/atykym-22/bakalarka_ws/install/_local_setup_util_ps1.py'
[3.548s] INFO:colcon.colcon_core.shell:Creating prefix chain script '/home/atykym-22/bakalarka_ws/install/setup.ps1'
[3.549s] INFO:colcon.colcon_core.shell:Creating prefix script '/home/atykym-22/bakalarka_ws/install/local_setup.sh'
[3.550s] INFO:colcon.colcon_core.shell:Creating prefix util module '/home/atykym-22/bakalarka_ws/install/_local_setup_util_sh.py'
[3.551s] INFO:colcon.colcon_core.shell:Creating prefix chain script '/home/atykym-22/bakalarka_ws/install/setup.sh'
[3.552s] INFO:colcon.colcon_core.shell:Creating prefix script '/home/atykym-22/bakalarka_ws/install/local_setup.bash'
[3.553s] INFO:colcon.colcon_core.shell:Creating prefix chain script '/home/atykym-22/bakalarka_ws/install/setup.bash'
[3.554s] INFO:colcon.colcon_core.shell:Creating prefix script '/home/atykym-22/bakalarka_ws/install/local_setup.zsh'
[3.555s] INFO:colcon.colcon_core.shell:Creating prefix chain script '/home/atykym-22/bakalarka_ws/install/setup.zsh'
