[0.011s] Invoking command in '/home/atykym-22/bakalarka_ws/build/odom_calib': CMAKE_PREFIX_PATH=${CMAKE_PREFIX_PATH}:/opt/ros/humble /usr/bin/cmake --build /home/atykym-22/bakalarka_ws/build/odom_calib -- -j8 -l8
[0.067s] -- Found ament_cmake: 1.3.12 (/opt/ros/humble/share/ament_cmake/cmake)
[0.189s] -- Found rclcpp: 16.0.17 (/opt/ros/humble/share/rclcpp/cmake)
[0.222s] -- Found rosidl_generator_c: 3.1.8 (/opt/ros/humble/share/rosidl_generator_c/cmake)
[0.224s] -- Found rosidl_adapter: 3.1.8 (/opt/ros/humble/share/rosidl_adapter/cmake)
[0.232s] -- Found rosidl_generator_cpp: 3.1.8 (/opt/ros/humble/share/rosidl_generator_cpp/cmake)
[0.242s] -- Using all available rosidl_typesupport_c: rosidl_typesupport_fastrtps_c;rosidl_typesupport_introspection_c
[0.255s] -- Using all available rosidl_typesupport_cpp: rosidl_typesupport_fastrtps_cpp;rosidl_typesupport_introspection_cpp
[0.289s] -- Found rmw_implementation_cmake: 6.1.2 (/opt/ros/humble/share/rmw_implementation_cmake/cmake)
[0.291s] -- Found rmw_fastrtps_cpp: 6.2.9 (/opt/ros/humble/share/rmw_fastrtps_cpp/cmake)
[0.389s] -- Using RMW implementation 'rmw_fastrtps_cpp' as default
[0.442s] -- Found rosbag2_cpp: 0.15.15 (/opt/ros/humble/share/rosbag2_cpp/cmake)
[0.468s] -- Found geometry_msgs: 4.9.0 (/opt/ros/humble/share/geometry_msgs/cmake)
[0.480s] -- Found nav_msgs: 4.9.0 (/opt/ros/humble/share/nav_msgs/cmake)
[0.557s] -- Configuring done
[0.572s] -- Generating done
[0.576s] -- Build files have been written to: /home/atykym-22/bakalarka_ws/build/odom_calib
[0.602s] [35m[1mConsolidate compiler generated dependencies of target odom_reader[0m
[0.631s] [ 66%] [32mBuilding CXX object CMakeFiles/odom_reader.dir/src/math.cpp.o[0m
[0.631s] [ 66%] [32mBuilding CXX object CMakeFiles/odom_reader.dir/src/main.cpp.o[0m
[0.697s] In file included from [01m[K/home/atykym-22/bakalarka_ws/src/odom_calib/src/math.cpp:2[m[K:
[0.697s] [01m[K/home/atykym-22/bakalarka_ws/src/odom_calib/include/odom_calib/math.hpp:8:67:[m[K [01;31m[Kerror: [m[Kredefinition of ‘[01m[Kdouble y1[m[K’
[0.697s]     8 | double calculate_distance(double x1, double y1, double x2, [01;31m[Kdouble y1[m[K);
[0.697s]       |                                                            [01;31m[K~~~~~~~^~[m[K
[0.697s] [01m[K/home/atykym-22/bakalarka_ws/src/odom_calib/include/odom_calib/math.hpp:8:45:[m[K [01;36m[Knote: [m[K‘[01m[Kdouble y1[m[K’ previously declared here
[0.697s]     8 | double calculate_distance(double x1, [01;36m[Kdouble y1[m[K, double x2, double y1);
[0.697s]       |                                      [01;36m[K~~~~~~~^~[m[K
[0.758s] [01m[K/home/atykym-22/bakalarka_ws/src/odom_calib/src/math.cpp:20:67:[m[K [01;31m[Kerror: [m[Kredefinition of ‘[01m[Kdouble y1[m[K’
[0.758s]    20 | double calculate_distance(double x1, double y1, double x2, [01;31m[Kdouble y1[m[K) {
[0.758s]       |                                                            [01;31m[K~~~~~~~^~[m[K
[0.758s] [01m[K/home/atykym-22/bakalarka_ws/src/odom_calib/src/math.cpp:20:45:[m[K [01;36m[Knote: [m[K‘[01m[Kdouble y1[m[K’ previously declared here
[0.758s]    20 | double calculate_distance(double x1, [01;36m[Kdouble y1[m[K, double x2, double y1) {
[0.758s]       |                                      [01;36m[K~~~~~~~^~[m[K
[0.759s] [01m[K/home/atykym-22/bakalarka_ws/src/odom_calib/src/math.cpp:[m[K In function ‘[01m[Kdouble calculate_distance(...)[m[K’:
[0.759s] [01m[K/home/atykym-22/bakalarka_ws/src/odom_calib/src/math.cpp:21:37:[m[K [01;31m[Kerror: [m[K‘[01m[Ky2[m[K’ was not declared in this scope; did you mean ‘[01m[Ky1[m[K’?
[0.760s]    21 |     return sqrt(pow(x2-x1, 2) + pow([01;31m[Ky2[m[K-y1, 2));
[0.760s]       |                                     [01;31m[K^~[m[K
[0.760s]       |                                     [32m[Ky1[m[K
[0.782s] gmake[2]: *** [CMakeFiles/odom_reader.dir/build.make:90: CMakeFiles/odom_reader.dir/src/math.cpp.o] Error 1
[0.782s] gmake[2]: *** Waiting for unfinished jobs....
[0.980s] In file included from [01m[K/home/atykym-22/bakalarka_ws/src/odom_calib/src/main.cpp:2[m[K:
[0.980s] [01m[K/home/atykym-22/bakalarka_ws/src/odom_calib/include/odom_calib/math.hpp:8:67:[m[K [01;31m[Kerror: [m[Kredefinition of ‘[01m[Kdouble y1[m[K’
[0.981s]     8 | double calculate_distance(double x1, double y1, double x2, [01;31m[Kdouble y1[m[K);
[0.981s]       |                                                            [01;31m[K~~~~~~~^~[m[K
[0.981s] [01m[K/home/atykym-22/bakalarka_ws/src/odom_calib/include/odom_calib/math.hpp:8:45:[m[K [01;36m[Knote: [m[K‘[01m[Kdouble y1[m[K’ previously declared here
[0.981s]     8 | double calculate_distance(double x1, [01;36m[Kdouble y1[m[K, double x2, double y1);
[0.981s]       |                                      [01;36m[K~~~~~~~^~[m[K
[3.239s] gmake[2]: *** [CMakeFiles/odom_reader.dir/build.make:76: CMakeFiles/odom_reader.dir/src/main.cpp.o] Error 1
[3.239s] gmake[1]: *** [CMakeFiles/Makefile2:137: CMakeFiles/odom_reader.dir/all] Error 2
[3.239s] gmake: *** [Makefile:146: all] Error 2
[3.241s] Invoked command in '/home/atykym-22/bakalarka_ws/build/odom_calib' returned '2': CMAKE_PREFIX_PATH=${CMAKE_PREFIX_PATH}:/opt/ros/humble /usr/bin/cmake --build /home/atykym-22/bakalarka_ws/build/odom_calib -- -j8 -l8
