[0.008s] Invoking command in '/home/atykym-22/bakalarka_ws/build/odom_calib': CMAKE_PREFIX_PATH=${CMAKE_PREFIX_PATH}:/opt/ros/humble /usr/bin/cmake --build /home/atykym-22/bakalarka_ws/build/odom_calib -- -j8 -l8
[0.046s] [35m[1mConsolidate compiler generated dependencies of target odom_reader[0m
[0.062s] [ 33%] [32mBuilding CXX object CMakeFiles/odom_reader.dir/src/main.cpp.o[0m
[2.629s] [ 66%] [32m[1mLinking CXX executable odom_reader[0m
[2.740s] [100%] Built target odom_reader
[2.751s] Invoked command in '/home/atykym-22/bakalarka_ws/build/odom_calib' returned '0': CMAKE_PREFIX_PATH=${CMAKE_PREFIX_PATH}:/opt/ros/humble /usr/bin/cmake --build /home/atykym-22/bakalarka_ws/build/odom_calib -- -j8 -l8
[2.760s] Invoking command in '/home/atykym-22/bakalarka_ws/build/odom_calib': CMAKE_PREFIX_PATH=${CMAKE_PREFIX_PATH}:/opt/ros/humble /usr/bin/cmake --install /home/atykym-22/bakalarka_ws/build/odom_calib
[2.766s] -- Install configuration: ""
[2.767s] -- Installing: /home/atykym-22/bakalarka_ws/install/odom_calib/lib/odom_calib/odom_reader
[2.767s] -- Set runtime path of "/home/atykym-22/bakalarka_ws/install/odom_calib/lib/odom_calib/odom_reader" to ""
[2.767s] -- Up-to-date: /home/atykym-22/bakalarka_ws/install/odom_calib/share/ament_index/resource_index/package_run_dependencies/odom_calib
[2.767s] -- Up-to-date: /home/atykym-22/bakalarka_ws/install/odom_calib/share/ament_index/resource_index/parent_prefix_path/odom_calib
[2.767s] -- Up-to-date: /home/atykym-22/bakalarka_ws/install/odom_calib/share/odom_calib/environment/ament_prefix_path.sh
[2.767s] -- Up-to-date: /home/atykym-22/bakalarka_ws/install/odom_calib/share/odom_calib/environment/ament_prefix_path.dsv
[2.767s] -- Up-to-date: /home/atykym-22/bakalarka_ws/install/odom_calib/share/odom_calib/environment/path.sh
[2.768s] -- Up-to-date: /home/atykym-22/bakalarka_ws/install/odom_calib/share/odom_calib/environment/path.dsv
[2.768s] -- Up-to-date: /home/atykym-22/bakalarka_ws/install/odom_calib/share/odom_calib/local_setup.bash
[2.768s] -- Up-to-date: /home/atykym-22/bakalarka_ws/install/odom_calib/share/odom_calib/local_setup.sh
[2.768s] -- Up-to-date: /home/atykym-22/bakalarka_ws/install/odom_calib/share/odom_calib/local_setup.zsh
[2.768s] -- Up-to-date: /home/atykym-22/bakalarka_ws/install/odom_calib/share/odom_calib/local_setup.dsv
[2.768s] -- Installing: /home/atykym-22/bakalarka_ws/install/odom_calib/share/odom_calib/package.dsv
[2.768s] -- Up-to-date: /home/atykym-22/bakalarka_ws/install/odom_calib/share/ament_index/resource_index/packages/odom_calib
[2.768s] -- Up-to-date: /home/atykym-22/bakalarka_ws/install/odom_calib/share/odom_calib/cmake/odom_calibConfig.cmake
[2.768s] -- Up-to-date: /home/atykym-22/bakalarka_ws/install/odom_calib/share/odom_calib/cmake/odom_calibConfig-version.cmake
[2.768s] -- Up-to-date: /home/atykym-22/bakalarka_ws/install/odom_calib/share/odom_calib/package.xml
[2.769s] Invoked command in '/home/atykym-22/bakalarka_ws/build/odom_calib' returned '0': CMAKE_PREFIX_PATH=${CMAKE_PREFIX_PATH}:/opt/ros/humble /usr/bin/cmake --install /home/atykym-22/bakalarka_ws/build/odom_calib
