[0.009s] Invoking command in '/home/atykym-22/bakalarka_ws/build/odom_calib': CMAKE_PREFIX_PATH=${CMAKE_PREFIX_PATH}:/opt/ros/humble /usr/bin/cmake --build /home/atykym-22/bakalarka_ws/build/odom_calib -- -j8 -l8
[0.047s] [35m[1mConsolidate compiler generated dependencies of target odom_reader[0m
[0.062s] [ 50%] [32mBuilding CXX object CMakeFiles/odom_reader.dir/src/main.cpp.o[0m
[2.599s] [100%] [32m[1mLinking CXX executable odom_reader[0m
[2.711s] [100%] Built target odom_reader
[2.721s] Invoked command in '/home/atykym-22/bakalarka_ws/build/odom_calib' returned '0': CMAKE_PREFIX_PATH=${CMAKE_PREFIX_PATH}:/opt/ros/humble /usr/bin/cmake --build /home/atykym-22/bakalarka_ws/build/odom_calib -- -j8 -l8
[2.730s] Invoking command in '/home/atykym-22/bakalarka_ws/build/odom_calib': CMAKE_PREFIX_PATH=${CMAKE_PREFIX_PATH}:/opt/ros/humble /usr/bin/cmake --install /home/atykym-22/bakalarka_ws/build/odom_calib
[2.738s] -- Install configuration: ""
[2.738s] -- Installing: /home/atykym-22/bakalarka_ws/install/odom_calib/lib/odom_calib/odom_reader
[2.738s] -- Set runtime path of "/home/atykym-22/bakalarka_ws/install/odom_calib/lib/odom_calib/odom_reader" to ""
[2.738s] -- Up-to-date: /home/atykym-22/bakalarka_ws/install/odom_calib/share/ament_index/resource_index/package_run_dependencies/odom_calib
[2.738s] -- Up-to-date: /home/atykym-22/bakalarka_ws/install/odom_calib/share/ament_index/resource_index/parent_prefix_path/odom_calib
[2.738s] -- Up-to-date: /home/atykym-22/bakalarka_ws/install/odom_calib/share/odom_calib/environment/ament_prefix_path.sh
[2.738s] -- Up-to-date: /home/atykym-22/bakalarka_ws/install/odom_calib/share/odom_calib/environment/ament_prefix_path.dsv
[2.739s] -- Up-to-date: /home/atykym-22/bakalarka_ws/install/odom_calib/share/odom_calib/environment/path.sh
[2.739s] -- Up-to-date: /home/atykym-22/bakalarka_ws/install/odom_calib/share/odom_calib/environment/path.dsv
[2.739s] -- Up-to-date: /home/atykym-22/bakalarka_ws/install/odom_calib/share/odom_calib/local_setup.bash
[2.739s] -- Up-to-date: /home/atykym-22/bakalarka_ws/install/odom_calib/share/odom_calib/local_setup.sh
[2.739s] -- Up-to-date: /home/atykym-22/bakalarka_ws/install/odom_calib/share/odom_calib/local_setup.zsh
[2.739s] -- Up-to-date: /home/atykym-22/bakalarka_ws/install/odom_calib/share/odom_calib/local_setup.dsv
[2.739s] -- Installing: /home/atykym-22/bakalarka_ws/install/odom_calib/share/odom_calib/package.dsv
[2.739s] -- Up-to-date: /home/atykym-22/bakalarka_ws/install/odom_calib/share/ament_index/resource_index/packages/odom_calib
[2.739s] -- Up-to-date: /home/atykym-22/bakalarka_ws/install/odom_calib/share/odom_calib/cmake/odom_calibConfig.cmake
[2.739s] -- Up-to-date: /home/atykym-22/bakalarka_ws/install/odom_calib/share/odom_calib/cmake/odom_calibConfig-version.cmake
[2.739s] -- Up-to-date: /home/atykym-22/bakalarka_ws/install/odom_calib/share/odom_calib/package.xml
[2.741s] Invoked command in '/home/atykym-22/bakalarka_ws/build/odom_calib' returned '0': CMAKE_PREFIX_PATH=${CMAKE_PREFIX_PATH}:/opt/ros/humble /usr/bin/cmake --install /home/atykym-22/bakalarka_ws/build/odom_calib
