[0.009s] Invoking command in '/home/atykym-22/bakalarka_ws/build/odom_calib': CMAKE_PREFIX_PATH=${CMAKE_PREFIX_PATH}:/opt/ros/humble /usr/bin/cmake --build /home/atykym-22/bakalarka_ws/build/odom_calib -- -j8 -l8
[0.045s] [35m[1mConsolidate compiler generated dependencies of target odom_reader[0m
[0.060s] [ 66%] [32mBuilding CXX object CMakeFiles/odom_reader.dir/src/math.cpp.o[0m
[0.060s] [ 66%] [32mBuilding CXX object CMakeFiles/odom_reader.dir/src/main.cpp.o[0m
[0.158s] [01m[K/home/atykym-22/bakalarka_ws/src/odom_calib/src/math.cpp:20:67:[m[K [01;31m[Kerror: [m[Kredefinition of ‘[01m[Kdouble y1[m[K’
[0.158s]    20 | double calculate_distance(double x1, double y1, double x2, [01;31m[Kdouble y1[m[K) {
[0.158s]       |                                                            [01;31m[K~~~~~~~^~[m[K
[0.158s] [01m[K/home/atykym-22/bakalarka_ws/src/odom_calib/src/math.cpp:20:45:[m[K [01;36m[Knote: [m[K‘[01m[Kdouble y1[m[K’ previously declared here
[0.158s]    20 | double calculate_distance(double x1, [01;36m[Kdouble y1[m[K, double x2, double y1) {
[0.158s]       |                                      [01;36m[K~~~~~~~^~[m[K
[0.159s] [01m[K/home/atykym-22/bakalarka_ws/src/odom_calib/src/math.cpp:[m[K In function ‘[01m[Kdouble calculate_distance(...)[m[K’:
[0.159s] [01m[K/home/atykym-22/bakalarka_ws/src/odom_calib/src/math.cpp:21:37:[m[K [01;31m[Kerror: [m[K‘[01m[Ky2[m[K’ was not declared in this scope; did you mean ‘[01m[Ky1[m[K’?
[0.159s]    21 |     return sqrt(pow(x2-x1, 2) + pow([01;31m[Ky2[m[K-y1, 2));
[0.159s]       |                                     [01;31m[K^~[m[K
[0.159s]       |                                     [32m[Ky1[m[K
[0.177s] gmake[2]: *** [CMakeFiles/odom_reader.dir/build.make:90: CMakeFiles/odom_reader.dir/src/math.cpp.o] Error 1
[0.177s] gmake[2]: *** Waiting for unfinished jobs....
[2.718s] gmake[1]: *** [CMakeFiles/Makefile2:137: CMakeFiles/odom_reader.dir/all] Error 2
[2.718s] gmake: *** [Makefile:146: all] Error 2
[2.720s] Invoked command in '/home/atykym-22/bakalarka_ws/build/odom_calib' returned '2': CMAKE_PREFIX_PATH=${CMAKE_PREFIX_PATH}:/opt/ros/humble /usr/bin/cmake --build /home/atykym-22/bakalarka_ws/build/odom_calib -- -j8 -l8
