[0.393s] DEBUG:colcon:Command line arguments: ['/usr/bin/colcon', 'build']
[0.393s] DEBUG:colcon:Parsed command line arguments: Namespace(log_base=None, log_level=None, verb_name='build', build_base='build', install_base='install', merge_install=False, symlink_install=False, test_result_base=None, continue_on_error=False, executor='parallel', parallel_workers=8, event_handlers=None, ignore_user_meta=False, metas=['./colcon.meta'], base_paths=['.'], packages_ignore=None, packages_ignore_regex=None, paths=None, packages_up_to=None, packages_up_to_regex=None, packages_above=None, packages_above_and_dependencies=None, packages_above_depth=None, packages_select_by_dep=None, packages_skip_by_dep=None, packages_skip_up_to=None, packages_select_build_failed=False, packages_skip_build_finished=False, packages_select_test_failures=False, packages_skip_test_passed=False, packages_select=None, packages_skip=None, packages_select_regex=None, packages_skip_regex=None, packages_start=None, packages_end=None, allow_overriding=[], cmake_args=None, cmake_target=None, cmake_target_skip_unavailable=False, cmake_clean_cache=False, cmake_clean_first=False, cmake_force_configure=False, ament_cmake_args=None, catkin_cmake_args=None, catkin_skip_building_tests=False, verb_parser=<colcon_defaults.argument_parser.defaults.DefaultArgumentsDecorator object at 0x766b79737100>, verb_extension=<colcon_core.verb.build.BuildVerb object at 0x766b79736b00>, main=<bound method BuildVerb.main of <colcon_core.verb.build.BuildVerb object at 0x766b79736b00>>)
[0.746s] Level 1:colcon.colcon_core.package_discovery:discover_packages(colcon_meta) check parameters
[0.746s] Level 1:colcon.colcon_core.package_discovery:discover_packages(recursive) check parameters
[0.747s] Level 1:colcon.colcon_core.package_discovery:discover_packages(ignore) check parameters
[0.747s] Level 1:colcon.colcon_core.package_discovery:discover_packages(path) check parameters
[0.747s] Level 1:colcon.colcon_core.package_discovery:discover_packages(colcon_meta) discover
[0.747s] Level 1:colcon.colcon_core.package_discovery:discover_packages(recursive) discover
[0.747s] INFO:colcon.colcon_core.package_discovery:Crawling recursively for packages in '/home/atykym-22/bakalarka_ws'
[0.747s] Level 1:colcon.colcon_core.package_identification:_identify(.) by extensions ['ignore', 'ignore_ament_install']
[0.747s] Level 1:colcon.colcon_core.package_identification:_identify(.) by extension 'ignore'
[0.747s] Level 1:colcon.colcon_core.package_identification:_identify(.) by extension 'ignore_ament_install'
[0.747s] Level 1:colcon.colcon_core.package_identification:_identify(.) by extensions ['colcon_pkg']
[0.747s] Level 1:colcon.colcon_core.package_identification:_identify(.) by extension 'colcon_pkg'
[0.747s] Level 1:colcon.colcon_core.package_identification:_identify(.) by extensions ['colcon_meta']
[0.747s] Level 1:colcon.colcon_core.package_identification:_identify(.) by extension 'colcon_meta'
[0.747s] Level 1:colcon.colcon_core.package_identification:_identify(.) by extensions ['ros']
[0.747s] Level 1:colcon.colcon_core.package_identification:_identify(.) by extension 'ros'
[0.765s] Level 1:colcon.colcon_core.package_identification:_identify(.) by extensions ['cmake', 'python']
[0.765s] Level 1:colcon.colcon_core.package_identification:_identify(.) by extension 'cmake'
[0.765s] Level 1:colcon.colcon_core.package_identification:_identify(.) by extension 'python'
[0.765s] Level 1:colcon.colcon_core.package_identification:_identify(.) by extensions ['python_setup_py']
[0.765s] Level 1:colcon.colcon_core.package_identification:_identify(.) by extension 'python_setup_py'
[0.765s] Level 1:colcon.colcon_core.package_identification:_identify(build) by extensions ['ignore', 'ignore_ament_install']
[0.765s] Level 1:colcon.colcon_core.package_identification:_identify(build) by extension 'ignore'
[0.766s] Level 1:colcon.colcon_core.package_identification:_identify(build) ignored
[0.766s] Level 1:colcon.colcon_core.package_identification:_identify(data) by extensions ['ignore', 'ignore_ament_install']
[0.766s] Level 1:colcon.colcon_core.package_identification:_identify(data) by extension 'ignore'
[0.766s] Level 1:colcon.colcon_core.package_identification:_identify(data) by extension 'ignore_ament_install'
[0.766s] Level 1:colcon.colcon_core.package_identification:_identify(data) by extensions ['colcon_pkg']
[0.766s] Level 1:colcon.colcon_core.package_identification:_identify(data) by extension 'colcon_pkg'
[0.766s] Level 1:colcon.colcon_core.package_identification:_identify(data) by extensions ['colcon_meta']
[0.766s] Level 1:colcon.colcon_core.package_identification:_identify(data) by extension 'colcon_meta'
[0.766s] Level 1:colcon.colcon_core.package_identification:_identify(data) by extensions ['ros']
[0.766s] Level 1:colcon.colcon_core.package_identification:_identify(data) by extension 'ros'
[0.767s] Level 1:colcon.colcon_core.package_identification:_identify(data) by extensions ['cmake', 'python']
[0.767s] Level 1:colcon.colcon_core.package_identification:_identify(data) by extension 'cmake'
[0.767s] Level 1:colcon.colcon_core.package_identification:_identify(data) by extension 'python'
[0.767s] Level 1:colcon.colcon_core.package_identification:_identify(data) by extensions ['python_setup_py']
[0.767s] Level 1:colcon.colcon_core.package_identification:_identify(data) by extension 'python_setup_py'
[0.768s] Level 1:colcon.colcon_core.package_identification:_identify(data/kobuki_data) by extensions ['ignore', 'ignore_ament_install']
[0.768s] Level 1:colcon.colcon_core.package_identification:_identify(data/kobuki_data) by extension 'ignore'
[0.768s] Level 1:colcon.colcon_core.package_identification:_identify(data/kobuki_data) by extension 'ignore_ament_install'
[0.768s] Level 1:colcon.colcon_core.package_identification:_identify(data/kobuki_data) by extensions ['colcon_pkg']
[0.768s] Level 1:colcon.colcon_core.package_identification:_identify(data/kobuki_data) by extension 'colcon_pkg'
[0.768s] Level 1:colcon.colcon_core.package_identification:_identify(data/kobuki_data) by extensions ['colcon_meta']
[0.768s] Level 1:colcon.colcon_core.package_identification:_identify(data/kobuki_data) by extension 'colcon_meta'
[0.769s] Level 1:colcon.colcon_core.package_identification:_identify(data/kobuki_data) by extensions ['ros']
[0.769s] Level 1:colcon.colcon_core.package_identification:_identify(data/kobuki_data) by extension 'ros'
[0.769s] Level 1:colcon.colcon_core.package_identification:_identify(data/kobuki_data) by extensions ['cmake', 'python']
[0.769s] Level 1:colcon.colcon_core.package_identification:_identify(data/kobuki_data) by extension 'cmake'
[0.769s] Level 1:colcon.colcon_core.package_identification:_identify(data/kobuki_data) by extension 'python'
[0.769s] Level 1:colcon.colcon_core.package_identification:_identify(data/kobuki_data) by extensions ['python_setup_py']
[0.769s] Level 1:colcon.colcon_core.package_identification:_identify(data/kobuki_data) by extension 'python_setup_py'
[0.770s] Level 1:colcon.colcon_core.package_identification:_identify(data/kobuki_data/lencuvanie) by extensions ['ignore', 'ignore_ament_install']
[0.770s] Level 1:colcon.colcon_core.package_identification:_identify(data/kobuki_data/lencuvanie) by extension 'ignore'
[0.770s] Level 1:colcon.colcon_core.package_identification:_identify(data/kobuki_data/lencuvanie) by extension 'ignore_ament_install'
[0.770s] Level 1:colcon.colcon_core.package_identification:_identify(data/kobuki_data/lencuvanie) by extensions ['colcon_pkg']
[0.770s] Level 1:colcon.colcon_core.package_identification:_identify(data/kobuki_data/lencuvanie) by extension 'colcon_pkg'
[0.770s] Level 1:colcon.colcon_core.package_identification:_identify(data/kobuki_data/lencuvanie) by extensions ['colcon_meta']
[0.771s] Level 1:colcon.colcon_core.package_identification:_identify(data/kobuki_data/lencuvanie) by extension 'colcon_meta'
[0.771s] Level 1:colcon.colcon_core.package_identification:_identify(data/kobuki_data/lencuvanie) by extensions ['ros']
[0.771s] Level 1:colcon.colcon_core.package_identification:_identify(data/kobuki_data/lencuvanie) by extension 'ros'
[0.771s] Level 1:colcon.colcon_core.package_identification:_identify(data/kobuki_data/lencuvanie) by extensions ['cmake', 'python']
[0.771s] Level 1:colcon.colcon_core.package_identification:_identify(data/kobuki_data/lencuvanie) by extension 'cmake'
[0.771s] Level 1:colcon.colcon_core.package_identification:_identify(data/kobuki_data/lencuvanie) by extension 'python'
[0.771s] Level 1:colcon.colcon_core.package_identification:_identify(data/kobuki_data/lencuvanie) by extensions ['python_setup_py']
[0.771s] Level 1:colcon.colcon_core.package_identification:_identify(data/kobuki_data/lencuvanie) by extension 'python_setup_py'
[0.772s] Level 1:colcon.colcon_core.package_identification:_identify(data/kobuki_data/osmicka) by extensions ['ignore', 'ignore_ament_install']
[0.772s] Level 1:colcon.colcon_core.package_identification:_identify(data/kobuki_data/osmicka) by extension 'ignore'
[0.772s] Level 1:colcon.colcon_core.package_identification:_identify(data/kobuki_data/osmicka) by extension 'ignore_ament_install'
[0.772s] Level 1:colcon.colcon_core.package_identification:_identify(data/kobuki_data/osmicka) by extensions ['colcon_pkg']
[0.772s] Level 1:colcon.colcon_core.package_identification:_identify(data/kobuki_data/osmicka) by extension 'colcon_pkg'
[0.772s] Level 1:colcon.colcon_core.package_identification:_identify(data/kobuki_data/osmicka) by extensions ['colcon_meta']
[0.772s] Level 1:colcon.colcon_core.package_identification:_identify(data/kobuki_data/osmicka) by extension 'colcon_meta'
[0.773s] Level 1:colcon.colcon_core.package_identification:_identify(data/kobuki_data/osmicka) by extensions ['ros']
[0.773s] Level 1:colcon.colcon_core.package_identification:_identify(data/kobuki_data/osmicka) by extension 'ros'
[0.773s] Level 1:colcon.colcon_core.package_identification:_identify(data/kobuki_data/osmicka) by extensions ['cmake', 'python']
[0.773s] Level 1:colcon.colcon_core.package_identification:_identify(data/kobuki_data/osmicka) by extension 'cmake'
[0.773s] Level 1:colcon.colcon_core.package_identification:_identify(data/kobuki_data/osmicka) by extension 'python'
[0.773s] Level 1:colcon.colcon_core.package_identification:_identify(data/kobuki_data/osmicka) by extensions ['python_setup_py']
[0.773s] Level 1:colcon.colcon_core.package_identification:_identify(data/kobuki_data/osmicka) by extension 'python_setup_py'
[0.773s] Level 1:colcon.colcon_core.package_identification:_identify(data/kobuki_data/umbmark) by extensions ['ignore', 'ignore_ament_install']
[0.773s] Level 1:colcon.colcon_core.package_identification:_identify(data/kobuki_data/umbmark) by extension 'ignore'
[0.773s] Level 1:colcon.colcon_core.package_identification:_identify(data/kobuki_data/umbmark) by extension 'ignore_ament_install'
[0.774s] Level 1:colcon.colcon_core.package_identification:_identify(data/kobuki_data/umbmark) by extensions ['colcon_pkg']
[0.774s] Level 1:colcon.colcon_core.package_identification:_identify(data/kobuki_data/umbmark) by extension 'colcon_pkg'
[0.774s] Level 1:colcon.colcon_core.package_identification:_identify(data/kobuki_data/umbmark) by extensions ['colcon_meta']
[0.774s] Level 1:colcon.colcon_core.package_identification:_identify(data/kobuki_data/umbmark) by extension 'colcon_meta'
[0.774s] Level 1:colcon.colcon_core.package_identification:_identify(data/kobuki_data/umbmark) by extensions ['ros']
[0.774s] Level 1:colcon.colcon_core.package_identification:_identify(data/kobuki_data/umbmark) by extension 'ros'
[0.774s] Level 1:colcon.colcon_core.package_identification:_identify(data/kobuki_data/umbmark) by extensions ['cmake', 'python']
[0.774s] Level 1:colcon.colcon_core.package_identification:_identify(data/kobuki_data/umbmark) by extension 'cmake'
[0.774s] Level 1:colcon.colcon_core.package_identification:_identify(data/kobuki_data/umbmark) by extension 'python'
[0.774s] Level 1:colcon.colcon_core.package_identification:_identify(data/kobuki_data/umbmark) by extensions ['python_setup_py']
[0.774s] Level 1:colcon.colcon_core.package_identification:_identify(data/kobuki_data/umbmark) by extension 'python_setup_py'
[0.774s] Level 1:colcon.colcon_core.package_identification:_identify(data/kobuki_data/umbmark_ccw) by extensions ['ignore', 'ignore_ament_install']
[0.774s] Level 1:colcon.colcon_core.package_identification:_identify(data/kobuki_data/umbmark_ccw) by extension 'ignore'
[0.775s] Level 1:colcon.colcon_core.package_identification:_identify(data/kobuki_data/umbmark_ccw) by extension 'ignore_ament_install'
[0.775s] Level 1:colcon.colcon_core.package_identification:_identify(data/kobuki_data/umbmark_ccw) by extensions ['colcon_pkg']
[0.775s] Level 1:colcon.colcon_core.package_identification:_identify(data/kobuki_data/umbmark_ccw) by extension 'colcon_pkg'
[0.775s] Level 1:colcon.colcon_core.package_identification:_identify(data/kobuki_data/umbmark_ccw) by extensions ['colcon_meta']
[0.775s] Level 1:colcon.colcon_core.package_identification:_identify(data/kobuki_data/umbmark_ccw) by extension 'colcon_meta'
[0.775s] Level 1:colcon.colcon_core.package_identification:_identify(data/kobuki_data/umbmark_ccw) by extensions ['ros']
[0.775s] Level 1:colcon.colcon_core.package_identification:_identify(data/kobuki_data/umbmark_ccw) by extension 'ros'
[0.775s] Level 1:colcon.colcon_core.package_identification:_identify(data/kobuki_data/umbmark_ccw) by extensions ['cmake', 'python']
[0.775s] Level 1:colcon.colcon_core.package_identification:_identify(data/kobuki_data/umbmark_ccw) by extension 'cmake'
[0.775s] Level 1:colcon.colcon_core.package_identification:_identify(data/kobuki_data/umbmark_ccw) by extension 'python'
[0.775s] Level 1:colcon.colcon_core.package_identification:_identify(data/kobuki_data/umbmark_ccw) by extensions ['python_setup_py']
[0.775s] Level 1:colcon.colcon_core.package_identification:_identify(data/kobuki_data/umbmark_ccw) by extension 'python_setup_py'
[0.775s] Level 1:colcon.colcon_core.package_identification:_identify(data/kobuki_data/volna_jazda_v1) by extensions ['ignore', 'ignore_ament_install']
[0.776s] Level 1:colcon.colcon_core.package_identification:_identify(data/kobuki_data/volna_jazda_v1) by extension 'ignore'
[0.776s] Level 1:colcon.colcon_core.package_identification:_identify(data/kobuki_data/volna_jazda_v1) by extension 'ignore_ament_install'
[0.776s] Level 1:colcon.colcon_core.package_identification:_identify(data/kobuki_data/volna_jazda_v1) by extensions ['colcon_pkg']
[0.776s] Level 1:colcon.colcon_core.package_identification:_identify(data/kobuki_data/volna_jazda_v1) by extension 'colcon_pkg'
[0.776s] Level 1:colcon.colcon_core.package_identification:_identify(data/kobuki_data/volna_jazda_v1) by extensions ['colcon_meta']
[0.776s] Level 1:colcon.colcon_core.package_identification:_identify(data/kobuki_data/volna_jazda_v1) by extension 'colcon_meta'
[0.776s] Level 1:colcon.colcon_core.package_identification:_identify(data/kobuki_data/volna_jazda_v1) by extensions ['ros']
[0.776s] Level 1:colcon.colcon_core.package_identification:_identify(data/kobuki_data/volna_jazda_v1) by extension 'ros'
[0.776s] Level 1:colcon.colcon_core.package_identification:_identify(data/kobuki_data/volna_jazda_v1) by extensions ['cmake', 'python']
[0.776s] Level 1:colcon.colcon_core.package_identification:_identify(data/kobuki_data/volna_jazda_v1) by extension 'cmake'
[0.776s] Level 1:colcon.colcon_core.package_identification:_identify(data/kobuki_data/volna_jazda_v1) by extension 'python'
[0.776s] Level 1:colcon.colcon_core.package_identification:_identify(data/kobuki_data/volna_jazda_v1) by extensions ['python_setup_py']
[0.776s] Level 1:colcon.colcon_core.package_identification:_identify(data/kobuki_data/volna_jazda_v1) by extension 'python_setup_py'
[0.777s] Level 1:colcon.colcon_core.package_identification:_identify(data/kobuki_data/volna_jazda_v2_stvorce) by extensions ['ignore', 'ignore_ament_install']
[0.777s] Level 1:colcon.colcon_core.package_identification:_identify(data/kobuki_data/volna_jazda_v2_stvorce) by extension 'ignore'
[0.777s] Level 1:colcon.colcon_core.package_identification:_identify(data/kobuki_data/volna_jazda_v2_stvorce) by extension 'ignore_ament_install'
[0.777s] Level 1:colcon.colcon_core.package_identification:_identify(data/kobuki_data/volna_jazda_v2_stvorce) by extensions ['colcon_pkg']
[0.777s] Level 1:colcon.colcon_core.package_identification:_identify(data/kobuki_data/volna_jazda_v2_stvorce) by extension 'colcon_pkg'
[0.777s] Level 1:colcon.colcon_core.package_identification:_identify(data/kobuki_data/volna_jazda_v2_stvorce) by extensions ['colcon_meta']
[0.777s] Level 1:colcon.colcon_core.package_identification:_identify(data/kobuki_data/volna_jazda_v2_stvorce) by extension 'colcon_meta'
[0.777s] Level 1:colcon.colcon_core.package_identification:_identify(data/kobuki_data/volna_jazda_v2_stvorce) by extensions ['ros']
[0.777s] Level 1:colcon.colcon_core.package_identification:_identify(data/kobuki_data/volna_jazda_v2_stvorce) by extension 'ros'
[0.777s] Level 1:colcon.colcon_core.package_identification:_identify(data/kobuki_data/volna_jazda_v2_stvorce) by extensions ['cmake', 'python']
[0.777s] Level 1:colcon.colcon_core.package_identification:_identify(data/kobuki_data/volna_jazda_v2_stvorce) by extension 'cmake'
[0.777s] Level 1:colcon.colcon_core.package_identification:_identify(data/kobuki_data/volna_jazda_v2_stvorce) by extension 'python'
[0.777s] Level 1:colcon.colcon_core.package_identification:_identify(data/kobuki_data/volna_jazda_v2_stvorce) by extensions ['python_setup_py']
[0.777s] Level 1:colcon.colcon_core.package_identification:_identify(data/kobuki_data/volna_jazda_v2_stvorce) by extension 'python_setup_py'
[0.778s] Level 1:colcon.colcon_core.package_identification:_identify(data/kobuki_data/volna_jazda_v3) by extensions ['ignore', 'ignore_ament_install']
[0.778s] Level 1:colcon.colcon_core.package_identification:_identify(data/kobuki_data/volna_jazda_v3) by extension 'ignore'
[0.779s] Level 1:colcon.colcon_core.package_identification:_identify(data/kobuki_data/volna_jazda_v3) by extension 'ignore_ament_install'
[0.779s] Level 1:colcon.colcon_core.package_identification:_identify(data/kobuki_data/volna_jazda_v3) by extensions ['colcon_pkg']
[0.779s] Level 1:colcon.colcon_core.package_identification:_identify(data/kobuki_data/volna_jazda_v3) by extension 'colcon_pkg'
[0.779s] Level 1:colcon.colcon_core.package_identification:_identify(data/kobuki_data/volna_jazda_v3) by extensions ['colcon_meta']
[0.779s] Level 1:colcon.colcon_core.package_identification:_identify(data/kobuki_data/volna_jazda_v3) by extension 'colcon_meta'
[0.779s] Level 1:colcon.colcon_core.package_identification:_identify(data/kobuki_data/volna_jazda_v3) by extensions ['ros']
[0.779s] Level 1:colcon.colcon_core.package_identification:_identify(data/kobuki_data/volna_jazda_v3) by extension 'ros'
[0.779s] Level 1:colcon.colcon_core.package_identification:_identify(data/kobuki_data/volna_jazda_v3) by extensions ['cmake', 'python']
[0.779s] Level 1:colcon.colcon_core.package_identification:_identify(data/kobuki_data/volna_jazda_v3) by extension 'cmake'
[0.779s] Level 1:colcon.colcon_core.package_identification:_identify(data/kobuki_data/volna_jazda_v3) by extension 'python'
[0.779s] Level 1:colcon.colcon_core.package_identification:_identify(data/kobuki_data/volna_jazda_v3) by extensions ['python_setup_py']
[0.779s] Level 1:colcon.colcon_core.package_identification:_identify(data/kobuki_data/volna_jazda_v3) by extension 'python_setup_py'
[0.780s] Level 1:colcon.colcon_core.package_identification:_identify(data/kobuki_data/volna_jazda_v4) by extensions ['ignore', 'ignore_ament_install']
[0.780s] Level 1:colcon.colcon_core.package_identification:_identify(data/kobuki_data/volna_jazda_v4) by extension 'ignore'
[0.780s] Level 1:colcon.colcon_core.package_identification:_identify(data/kobuki_data/volna_jazda_v4) by extension 'ignore_ament_install'
[0.780s] Level 1:colcon.colcon_core.package_identification:_identify(data/kobuki_data/volna_jazda_v4) by extensions ['colcon_pkg']
[0.780s] Level 1:colcon.colcon_core.package_identification:_identify(data/kobuki_data/volna_jazda_v4) by extension 'colcon_pkg'
[0.781s] Level 1:colcon.colcon_core.package_identification:_identify(data/kobuki_data/volna_jazda_v4) by extensions ['colcon_meta']
[0.781s] Level 1:colcon.colcon_core.package_identification:_identify(data/kobuki_data/volna_jazda_v4) by extension 'colcon_meta'
[0.781s] Level 1:colcon.colcon_core.package_identification:_identify(data/kobuki_data/volna_jazda_v4) by extensions ['ros']
[0.781s] Level 1:colcon.colcon_core.package_identification:_identify(data/kobuki_data/volna_jazda_v4) by extension 'ros'
[0.781s] Level 1:colcon.colcon_core.package_identification:_identify(data/kobuki_data/volna_jazda_v4) by extensions ['cmake', 'python']
[0.781s] Level 1:colcon.colcon_core.package_identification:_identify(data/kobuki_data/volna_jazda_v4) by extension 'cmake'
[0.781s] Level 1:colcon.colcon_core.package_identification:_identify(data/kobuki_data/volna_jazda_v4) by extension 'python'
[0.781s] Level 1:colcon.colcon_core.package_identification:_identify(data/kobuki_data/volna_jazda_v4) by extensions ['python_setup_py']
[0.781s] Level 1:colcon.colcon_core.package_identification:_identify(data/kobuki_data/volna_jazda_v4) by extension 'python_setup_py'
[0.781s] Level 1:colcon.colcon_core.package_identification:_identify(install) by extensions ['ignore', 'ignore_ament_install']
[0.781s] Level 1:colcon.colcon_core.package_identification:_identify(install) by extension 'ignore'
[0.781s] Level 1:colcon.colcon_core.package_identification:_identify(install) ignored
[0.781s] Level 1:colcon.colcon_core.package_identification:_identify(log) by extensions ['ignore', 'ignore_ament_install']
[0.782s] Level 1:colcon.colcon_core.package_identification:_identify(log) by extension 'ignore'
[0.782s] Level 1:colcon.colcon_core.package_identification:_identify(log) ignored
[0.782s] Level 1:colcon.colcon_core.package_identification:_identify(src) by extensions ['ignore', 'ignore_ament_install']
[0.782s] Level 1:colcon.colcon_core.package_identification:_identify(src) by extension 'ignore'
[0.782s] Level 1:colcon.colcon_core.package_identification:_identify(src) by extension 'ignore_ament_install'
[0.782s] Level 1:colcon.colcon_core.package_identification:_identify(src) by extensions ['colcon_pkg']
[0.782s] Level 1:colcon.colcon_core.package_identification:_identify(src) by extension 'colcon_pkg'
[0.782s] Level 1:colcon.colcon_core.package_identification:_identify(src) by extensions ['colcon_meta']
[0.782s] Level 1:colcon.colcon_core.package_identification:_identify(src) by extension 'colcon_meta'
[0.782s] Level 1:colcon.colcon_core.package_identification:_identify(src) by extensions ['ros']
[0.782s] Level 1:colcon.colcon_core.package_identification:_identify(src) by extension 'ros'
[0.782s] Level 1:colcon.colcon_core.package_identification:_identify(src) by extensions ['cmake', 'python']
[0.782s] Level 1:colcon.colcon_core.package_identification:_identify(src) by extension 'cmake'
[0.782s] Level 1:colcon.colcon_core.package_identification:_identify(src) by extension 'python'
[0.782s] Level 1:colcon.colcon_core.package_identification:_identify(src) by extensions ['python_setup_py']
[0.782s] Level 1:colcon.colcon_core.package_identification:_identify(src) by extension 'python_setup_py'
[0.782s] Level 1:colcon.colcon_core.package_identification:_identify(src/odom_calib) by extensions ['ignore', 'ignore_ament_install']
[0.783s] Level 1:colcon.colcon_core.package_identification:_identify(src/odom_calib) by extension 'ignore'
[0.783s] Level 1:colcon.colcon_core.package_identification:_identify(src/odom_calib) by extension 'ignore_ament_install'
[0.783s] Level 1:colcon.colcon_core.package_identification:_identify(src/odom_calib) by extensions ['colcon_pkg']
[0.783s] Level 1:colcon.colcon_core.package_identification:_identify(src/odom_calib) by extension 'colcon_pkg'
[0.783s] Level 1:colcon.colcon_core.package_identification:_identify(src/odom_calib) by extensions ['colcon_meta']
[0.783s] Level 1:colcon.colcon_core.package_identification:_identify(src/odom_calib) by extension 'colcon_meta'
[0.783s] Level 1:colcon.colcon_core.package_identification:_identify(src/odom_calib) by extensions ['ros']
[0.783s] Level 1:colcon.colcon_core.package_identification:_identify(src/odom_calib) by extension 'ros'
[0.788s] DEBUG:colcon.colcon_core.package_identification:Package 'src/odom_calib' with type 'ros.ament_cmake' and name 'odom_calib'
[0.788s] Level 1:colcon.colcon_core.package_discovery:discover_packages(recursive) using defaults
[0.788s] Level 1:colcon.colcon_core.package_discovery:discover_packages(ignore) discover
[0.789s] Level 1:colcon.colcon_core.package_discovery:discover_packages(ignore) using defaults
[0.789s] Level 1:colcon.colcon_core.package_discovery:discover_packages(path) discover
[0.789s] Level 1:colcon.colcon_core.package_discovery:discover_packages(path) using defaults
[0.826s] Level 1:colcon.colcon_core.package_discovery:discover_packages(prefix_path) check parameters
[0.826s] Level 1:colcon.colcon_core.package_discovery:discover_packages(prefix_path) discover
[0.830s] DEBUG:colcon.colcon_installed_package_information.package_discovery:Found 1 installed packages in /home/atykym-22/bakalarka_ws/install
[0.831s] DEBUG:colcon.colcon_installed_package_information.package_discovery:Found 282 installed packages in /opt/ros/humble
[0.851s] Level 1:colcon.colcon_core.package_discovery:discover_packages(prefix_path) using defaults
[0.898s] Level 5:colcon.colcon_core.verb:set package 'odom_calib' build argument 'cmake_args' from command line to 'None'
[0.899s] Level 5:colcon.colcon_core.verb:set package 'odom_calib' build argument 'cmake_target' from command line to 'None'
[0.899s] Level 5:colcon.colcon_core.verb:set package 'odom_calib' build argument 'cmake_target_skip_unavailable' from command line to 'False'
[0.899s] Level 5:colcon.colcon_core.verb:set package 'odom_calib' build argument 'cmake_clean_cache' from command line to 'False'
[0.899s] Level 5:colcon.colcon_core.verb:set package 'odom_calib' build argument 'cmake_clean_first' from command line to 'False'
[0.899s] Level 5:colcon.colcon_core.verb:set package 'odom_calib' build argument 'cmake_force_configure' from command line to 'False'
[0.899s] Level 5:colcon.colcon_core.verb:set package 'odom_calib' build argument 'ament_cmake_args' from command line to 'None'
[0.899s] Level 5:colcon.colcon_core.verb:set package 'odom_calib' build argument 'catkin_cmake_args' from command line to 'None'
[0.899s] Level 5:colcon.colcon_core.verb:set package 'odom_calib' build argument 'catkin_skip_building_tests' from command line to 'False'
[0.899s] DEBUG:colcon.colcon_core.verb:Building package 'odom_calib' with the following arguments: {'ament_cmake_args': None, 'build_base': '/home/atykym-22/bakalarka_ws/build/odom_calib', 'catkin_cmake_args': None, 'catkin_skip_building_tests': False, 'cmake_args': None, 'cmake_clean_cache': False, 'cmake_clean_first': False, 'cmake_force_configure': False, 'cmake_target': None, 'cmake_target_skip_unavailable': False, 'install_base': '/home/atykym-22/bakalarka_ws/install/odom_calib', 'merge_install': False, 'path': '/home/atykym-22/bakalarka_ws/src/odom_calib', 'symlink_install': False, 'test_result_base': None}
[0.899s] INFO:colcon.colcon_core.executor:Executing jobs using 'parallel' executor
[0.900s] DEBUG:colcon.colcon_parallel_executor.executor.parallel:run_until_complete
[0.901s] INFO:colcon.colcon_ros.task.ament_cmake.build:Building ROS package in '/home/atykym-22/bakalarka_ws/src/odom_calib' with build type 'ament_cmake'
[0.901s] INFO:colcon.colcon_cmake.task.cmake.build:Building CMake package in '/home/atykym-22/bakalarka_ws/src/odom_calib'
[0.907s] INFO:colcon.colcon_core.plugin_system:Skipping extension 'colcon_core.shell.bat': Not used on non-Windows systems
[0.907s] INFO:colcon.colcon_core.shell:Skip shell extension 'powershell' for command environment: Not usable outside of PowerShell
[0.907s] DEBUG:colcon.colcon_core.shell:Skip shell extension 'dsv' for command environment
[0.919s] DEBUG:colcon.colcon_core.event_handler.log_command:Invoking command in '/home/atykym-22/bakalarka_ws/build/odom_calib': CMAKE_PREFIX_PATH=${CMAKE_PREFIX_PATH}:/opt/ros/humble /usr/bin/cmake --build /home/atykym-22/bakalarka_ws/build/odom_calib -- -j8 -l8
[5.322s] DEBUG:colcon.colcon_core.event_handler.log_command:Invoked command in '/home/atykym-22/bakalarka_ws/build/odom_calib' returned '0': CMAKE_PREFIX_PATH=${CMAKE_PREFIX_PATH}:/opt/ros/humble /usr/bin/cmake --build /home/atykym-22/bakalarka_ws/build/odom_calib -- -j8 -l8
[5.336s] DEBUG:colcon.colcon_core.event_handler.log_command:Invoking command in '/home/atykym-22/bakalarka_ws/build/odom_calib': CMAKE_PREFIX_PATH=${CMAKE_PREFIX_PATH}:/opt/ros/humble /usr/bin/cmake --install /home/atykym-22/bakalarka_ws/build/odom_calib
[5.353s] Level 1:colcon.colcon_core.environment:create_environment_scripts_only(odom_calib)
[5.354s] DEBUG:colcon.colcon_core.event_handler.log_command:Invoked command in '/home/atykym-22/bakalarka_ws/build/odom_calib' returned '0': CMAKE_PREFIX_PATH=${CMAKE_PREFIX_PATH}:/opt/ros/humble /usr/bin/cmake --install /home/atykym-22/bakalarka_ws/build/odom_calib
[5.361s] Level 1:colcon.colcon_core.environment:checking '/home/atykym-22/bakalarka_ws/install/odom_calib' for CMake module files
[5.362s] Level 1:colcon.colcon_core.environment:checking '/home/atykym-22/bakalarka_ws/install/odom_calib' for CMake config files
[5.362s] Level 1:colcon.colcon_core.shell:create_environment_hook('odom_calib', 'cmake_prefix_path')
[5.362s] INFO:colcon.colcon_core.shell:Creating environment hook '/home/atykym-22/bakalarka_ws/install/odom_calib/share/odom_calib/hook/cmake_prefix_path.ps1'
[5.363s] INFO:colcon.colcon_core.shell:Creating environment descriptor '/home/atykym-22/bakalarka_ws/install/odom_calib/share/odom_calib/hook/cmake_prefix_path.dsv'
[5.364s] INFO:colcon.colcon_core.shell:Creating environment hook '/home/atykym-22/bakalarka_ws/install/odom_calib/share/odom_calib/hook/cmake_prefix_path.sh'
[5.366s] Level 1:colcon.colcon_core.environment:checking '/home/atykym-22/bakalarka_ws/install/odom_calib/lib'
[5.366s] Level 1:colcon.colcon_core.environment:checking '/home/atykym-22/bakalarka_ws/install/odom_calib/bin'
[5.366s] Level 1:colcon.colcon_core.environment:checking '/home/atykym-22/bakalarka_ws/install/odom_calib/lib/pkgconfig/odom_calib.pc'
[5.366s] Level 1:colcon.colcon_core.environment:checking '/home/atykym-22/bakalarka_ws/install/odom_calib/lib/python3.10/site-packages'
[5.366s] Level 1:colcon.colcon_core.environment:checking '/home/atykym-22/bakalarka_ws/install/odom_calib/bin'
[5.367s] INFO:colcon.colcon_core.shell:Creating package script '/home/atykym-22/bakalarka_ws/install/odom_calib/share/odom_calib/package.ps1'
[5.368s] INFO:colcon.colcon_core.shell:Creating package descriptor '/home/atykym-22/bakalarka_ws/install/odom_calib/share/odom_calib/package.dsv'
[5.369s] INFO:colcon.colcon_core.shell:Creating package script '/home/atykym-22/bakalarka_ws/install/odom_calib/share/odom_calib/package.sh'
[5.370s] INFO:colcon.colcon_core.shell:Creating package script '/home/atykym-22/bakalarka_ws/install/odom_calib/share/odom_calib/package.bash'
[5.373s] INFO:colcon.colcon_core.shell:Creating package script '/home/atykym-22/bakalarka_ws/install/odom_calib/share/odom_calib/package.zsh'
[5.374s] Level 1:colcon.colcon_core.environment:create_file_with_runtime_dependencies(/home/atykym-22/bakalarka_ws/install/odom_calib/share/colcon-core/packages/odom_calib)
[5.375s] Level 1:colcon.colcon_core.environment:create_environment_scripts_only(odom_calib)
[5.375s] Level 1:colcon.colcon_core.environment:checking '/home/atykym-22/bakalarka_ws/install/odom_calib' for CMake module files
[5.376s] Level 1:colcon.colcon_core.environment:checking '/home/atykym-22/bakalarka_ws/install/odom_calib' for CMake config files
[5.376s] Level 1:colcon.colcon_core.shell:create_environment_hook('odom_calib', 'cmake_prefix_path')
[5.376s] INFO:colcon.colcon_core.shell:Creating environment hook '/home/atykym-22/bakalarka_ws/install/odom_calib/share/odom_calib/hook/cmake_prefix_path.ps1'
[5.377s] INFO:colcon.colcon_core.shell:Creating environment descriptor '/home/atykym-22/bakalarka_ws/install/odom_calib/share/odom_calib/hook/cmake_prefix_path.dsv'
[5.377s] INFO:colcon.colcon_core.shell:Creating environment hook '/home/atykym-22/bakalarka_ws/install/odom_calib/share/odom_calib/hook/cmake_prefix_path.sh'
[5.378s] Level 1:colcon.colcon_core.environment:checking '/home/atykym-22/bakalarka_ws/install/odom_calib/lib'
[5.378s] Level 1:colcon.colcon_core.environment:checking '/home/atykym-22/bakalarka_ws/install/odom_calib/bin'
[5.378s] Level 1:colcon.colcon_core.environment:checking '/home/atykym-22/bakalarka_ws/install/odom_calib/lib/pkgconfig/odom_calib.pc'
[5.378s] Level 1:colcon.colcon_core.environment:checking '/home/atykym-22/bakalarka_ws/install/odom_calib/lib/python3.10/site-packages'
[5.378s] Level 1:colcon.colcon_core.environment:checking '/home/atykym-22/bakalarka_ws/install/odom_calib/bin'
[5.379s] INFO:colcon.colcon_core.shell:Creating package script '/home/atykym-22/bakalarka_ws/install/odom_calib/share/odom_calib/package.ps1'
[5.379s] INFO:colcon.colcon_core.shell:Creating package descriptor '/home/atykym-22/bakalarka_ws/install/odom_calib/share/odom_calib/package.dsv'
[5.380s] INFO:colcon.colcon_core.shell:Creating package script '/home/atykym-22/bakalarka_ws/install/odom_calib/share/odom_calib/package.sh'
[5.380s] INFO:colcon.colcon_core.shell:Creating package script '/home/atykym-22/bakalarka_ws/install/odom_calib/share/odom_calib/package.bash'
[5.381s] INFO:colcon.colcon_core.shell:Creating package script '/home/atykym-22/bakalarka_ws/install/odom_calib/share/odom_calib/package.zsh'
[5.381s] Level 1:colcon.colcon_core.environment:create_file_with_runtime_dependencies(/home/atykym-22/bakalarka_ws/install/odom_calib/share/colcon-core/packages/odom_calib)
[5.381s] DEBUG:colcon.colcon_parallel_executor.executor.parallel:closing loop
[5.382s] DEBUG:colcon.colcon_parallel_executor.executor.parallel:loop closed
[5.382s] DEBUG:colcon.colcon_parallel_executor.executor.parallel:run_until_complete finished with '0'
[5.382s] DEBUG:colcon.colcon_core.event_reactor:joining thread
[5.389s] INFO:colcon.colcon_core.plugin_system:Skipping extension 'colcon_notification.desktop_notification.terminal_notifier': Not used on non-Darwin systems
[5.389s] INFO:colcon.colcon_core.plugin_system:Skipping extension 'colcon_notification.desktop_notification.win32': Not used on non-Windows systems
[5.389s] INFO:colcon.colcon_notification.desktop_notification:Sending desktop notification using 'notify2'
[5.414s] DEBUG:colcon.colcon_core.event_reactor:joined thread
[5.415s] INFO:colcon.colcon_core.shell:Creating prefix script '/home/atykym-22/bakalarka_ws/install/local_setup.ps1'
[5.416s] INFO:colcon.colcon_core.shell:Creating prefix util module '/home/atykym-22/bakalarka_ws/install/_local_setup_util_ps1.py'
[5.418s] INFO:colcon.colcon_core.shell:Creating prefix chain script '/home/atykym-22/bakalarka_ws/install/setup.ps1'
[5.420s] INFO:colcon.colcon_core.shell:Creating prefix script '/home/atykym-22/bakalarka_ws/install/local_setup.sh'
[5.421s] INFO:colcon.colcon_core.shell:Creating prefix util module '/home/atykym-22/bakalarka_ws/install/_local_setup_util_sh.py'
[5.422s] INFO:colcon.colcon_core.shell:Creating prefix chain script '/home/atykym-22/bakalarka_ws/install/setup.sh'
[5.424s] INFO:colcon.colcon_core.shell:Creating prefix script '/home/atykym-22/bakalarka_ws/install/local_setup.bash'
[5.425s] INFO:colcon.colcon_core.shell:Creating prefix chain script '/home/atykym-22/bakalarka_ws/install/setup.bash'
[5.426s] INFO:colcon.colcon_core.shell:Creating prefix script '/home/atykym-22/bakalarka_ws/install/local_setup.zsh'
[5.427s] INFO:colcon.colcon_core.shell:Creating prefix chain script '/home/atykym-22/bakalarka_ws/install/setup.zsh'
